Archive member included to satisfy reference by file (symbol)

.pio/build/uno_r4_wifi/libb6c/libLiquidCrystal_I2C.a(LiquidCrystal_I2C.cpp.o)
                              .pio/build/uno_r4_wifi/src/main.cpp.o (LiquidCrystal_I2C::LiquidCrystal_I2C(unsigned char, unsigned char, unsigned char))
.pio/build/uno_r4_wifi/lib51f/liblogic.a(logic.cpp.o)
                              .pio/build/uno_r4_wifi/src/main.cpp.o (debouncedPress(unsigned long, bool))
.pio/build/uno_r4_wifi/libFrameworkArduinoVariant.a(main.c.o)
                              /Users/joakimmoll/.platformio/packages/toolchain-gccarmnoneeabi/bin/../lib/gcc/arm-none-eabi/7.2.1/../../../../arm-none-eabi/lib/thumb/v7e-m/fpv4-sp/hard/crt0.o (main)
.pio/build/uno_r4_wifi/libFrameworkArduino.a(Print.cpp.o)
                              .pio/build/uno_r4_wifi/libb6c/libLiquidCrystal_I2C.a(LiquidCrystal_I2C.cpp.o) (arduino::Print::write(unsigned char const*, unsigned int))
.pio/build/uno_r4_wifi/libFrameworkArduino.a(digital.cpp.o)
                              .pio/build/uno_r4_wifi/src/main.cpp.o (pinMode)
.pio/build/uno_r4_wifi/libFrameworkArduino.a(main.cpp.o)
                              .pio/build/uno_r4_wifi/libFrameworkArduinoVariant.a(main.c.o) (hal_entry)
.pio/build/uno_r4_wifi/libFrameworkArduino.a(time.cpp.o)
                              .pio/build/uno_r4_wifi/libb6c/libLiquidCrystal_I2C.a(LiquidCrystal_I2C.cpp.o) (delayMicroseconds)
.pio/build/uno_r4_wifi/libFrameworkArduino.a(vector_table.c.o)
                              .pio/build/uno_r4_wifi/libFrameworkArduino.a(main.cpp.o) (g_vector_table)
.pio/build/uno_r4_wifi/libFrameworkArduino.a(FspTimer.cpp.o)
                              .pio/build/uno_r4_wifi/libFrameworkArduino.a(time.cpp.o) (FspTimer::FspTimer())
.pio/build/uno_r4_wifi/libFrameworkArduino.a(IRQManager.cpp.o)
                              .pio/build/uno_r4_wifi/libFrameworkArduino.a(FspTimer.cpp.o) (IRQManager::getInstance())
.pio/build/uno_r4_wifi/libFrameworkArduino.a(Serial.cpp.o)
                              .pio/build/uno_r4_wifi/libFrameworkArduino.a(main.cpp.o) (UART::write_raw(unsigned char*, unsigned int))
.pio/build/uno_r4_wifi/libFrameworkArduino.a(SerialObj1.cpp.o)
                              .pio/build/uno_r4_wifi/libFrameworkArduino.a(main.cpp.o) (_UART1_)
.pio/build/uno_r4_wifi/libFrameworkArduino.a(analog.cpp.o)
                              .pio/build/uno_r4_wifi/libFrameworkArduino.a(main.cpp.o) (analogReference())
.pio/build/uno_r4_wifi/libFrameworkArduino.a(Common.cpp.o)
                              .pio/build/uno_r4_wifi/libFrameworkArduino.a(analog.cpp.o) (map(long, long, long, long, long))
.pio/build/uno_r4_wifi/libFrameworkArduino.a(cm_backtrace.c.o)
                              .pio/build/uno_r4_wifi/libFrameworkArduino.a(main.cpp.o) (cm_backtrace_init)
.pio/build/uno_r4_wifi/libFrameworkArduino.a(cortex_handlers.c.o)
                              .pio/build/uno_r4_wifi/libFrameworkArduino.a(main.cpp.o) (Stacktrace_Handler)
.pio/build/uno_r4_wifi/libFrameworkArduino.a(dac.cpp.o)
                              .pio/build/uno_r4_wifi/libFrameworkArduino.a(analog.cpp.o) (CDac::analogWrite(int))
.pio/build/uno_r4_wifi/libFrameworkArduino.a(pinDefinitions.cpp.o)
                              .pio/build/uno_r4_wifi/libFrameworkArduino.a(analog.cpp.o) (pinPeripheral(e_bsp_io_port_pin_t, unsigned long))
.pio/build/uno_r4_wifi/libFrameworkArduino.a(pwm.cpp.o)
                              .pio/build/uno_r4_wifi/libFrameworkArduino.a(analog.cpp.o) (PwmOut::PwmOut(int))
.pio/build/uno_r4_wifi/libFrameworkArduino.a(variant_helper.cpp.o)
                              .pio/build/uno_r4_wifi/libFrameworkArduino.a(Serial.cpp.o) (getPinCfgs(unsigned char, PinCfgReq_t))
/Users/joakimmoll/.platformio/packages/framework-arduinorenesas-uno/variants/UNOWIFIR4/libs/libfsp.a(r_spi.o)
                              .pio/build/uno_r4_wifi/libFrameworkArduino.a(IRQManager.cpp.o) (spi_rxi_isr)
/Users/joakimmoll/.platformio/packages/framework-arduinorenesas-uno/variants/UNOWIFIR4/libs/libfsp.a(r_sci_uart.o)
                              .pio/build/uno_r4_wifi/libFrameworkArduino.a(Serial.cpp.o) (R_SCI_UART_Write)
/Users/joakimmoll/.platformio/packages/framework-arduinorenesas-uno/variants/UNOWIFIR4/libs/libfsp.a(r_sci_spi.o)
                              .pio/build/uno_r4_wifi/libFrameworkArduino.a(IRQManager.cpp.o) (sci_spi_txi_isr)
/Users/joakimmoll/.platformio/packages/framework-arduinorenesas-uno/variants/UNOWIFIR4/libs/libfsp.a(r_sci_i2c.o)
                              .pio/build/uno_r4_wifi/libFrameworkArduino.a(IRQManager.cpp.o) (sci_i2c_rxi_isr)
/Users/joakimmoll/.platformio/packages/framework-arduinorenesas-uno/variants/UNOWIFIR4/libs/libfsp.a(r_rtc.o)
                              .pio/build/uno_r4_wifi/libFrameworkArduino.a(IRQManager.cpp.o) (rtc_alarm_periodic_isr)
/Users/joakimmoll/.platformio/packages/framework-arduinorenesas-uno/variants/UNOWIFIR4/libs/libfsp.a(r_ioport.o)
[...]
Memory Configuration

Name             Origin             Length             Attributes
FLASH            0x0000000000004000 0x000000000003c000 xr
RAM              0x0000000020000000 0x0000000000008000 xrw
DATA_FLASH       0x0000000040100000 0x0000000000002000 xr
OPTION_SETTING   0x0000000000000000 0x0000000000000000 r
OPTION_SETTING_S 0x0000000000000000 0x0000000000000000 r
ID_CODE          0x0000000001010018 0x0000000000000020 xr
*default*        0x0000000000000000 0xffffffffffffffff

Linker script and memory map

LOAD /Users/joakimmoll/.platformio/packages/toolchain-gccarmnoneeabi/bin/../lib/gcc/arm-none-eabi/7.2.1/thumb/v7e-m/fpv4-sp/hard/crti.o
LOAD /Users/joakimmoll/.platformio/packages/toolchain-gccarmnoneeabi/bin/../lib/gcc/arm-none-eabi/7.2.1/thumb/v7e-m/fpv4-sp/hard/crtbegin.o
LOAD /Users/joakimmoll/.platformio/packages/toolchain-gccarmnoneeabi/bin/../lib/gcc/arm-none-eabi/7.2.1/../../../../arm-none-eabi/lib/thumb/v7e-m/fpv4-sp/hard/crt0.o
LOAD .pio/build/uno_r4_wifi/src/main.cpp.o
START GROUP
LOAD .pio/build/uno_r4_wifi/libaca/libWire.a
LOAD .pio/build/uno_r4_wifi/libb6c/libLiquidCrystal_I2C.a
LOAD .pio/build/uno_r4_wifi/lib51f/liblogic.a
LOAD .pio/build/uno_r4_wifi/libFrameworkArduinoVariant.a
LOAD .pio/build/uno_r4_wifi/libFrameworkArduino.a
LOAD /Users/joakimmoll/.platformio/packages/framework-arduinorenesas-uno/variants/UNOWIFIR4/libs/libfsp.a
LOAD /Users/joakimmoll/.platformio/packages/toolchain-gccarmnoneeabi/bin/../lib/gcc/arm-none-eabi/7.2.1/../../../../arm-none-eabi/lib/thumb/v7e-m/fpv4-sp/hard/libstdc++_nano.a
LOAD /Users/joakimmoll/.platformio/packages/toolchain-gccarmnoneeabi/bin/../lib/gcc/arm-none-eabi/7.2.1/../../../../arm-none-eabi/lib/thumb/v7e-m/fpv4-sp/hard/libsupc++_nano.a
LOAD /Users/joakimmoll/.platformio/packages/toolchain-gccarmnoneeabi/bin/../lib/gcc/arm-none-eabi/7.2.1/thumb/v7e-m/fpv4-sp/hard/libgcc.a
LOAD /Users/joakimmoll/.platformio/packages/toolchain-gccarmnoneeabi/bin/../lib/gcc/arm-none-eabi/7.2.1/../../../../arm-none-eabi/lib/thumb/v7e-m/fpv4-sp/hard/libnosys.a
END GROUP
LOAD /Users/joakimmoll/.platformio/packages/toolchain-gccarmnoneeabi/bin/../lib/gcc/arm-none-eabi/7.2.1/../../../../arm-none-eabi/lib/thumb/v7e-m/fpv4-sp/hard/libstdc++_nano.a
LOAD /Users/joakimmoll/.platformio/packages/toolchain-gccarmnoneeabi/bin/../lib/gcc/arm-none-eabi/7.2.1/../../../../arm-none-eabi/lib/thumb/v7e-m/fpv4-sp/hard/libm.a
LOAD /Users/joakimmoll/.platformio/packages/toolchain-gccarmnoneeabi/bin/../lib/gcc/arm-none-eabi/7.2.1/../../../../arm-none-eabi/lib/thumb/v7e-m/fpv4-sp/hard/libc_nano.a
START GROUP
LOAD /Users/joakimmoll/.platformio/packages/toolchain-gccarmnoneeabi/bin/../lib/gcc/arm-none-eabi/7.2.1/thumb/v7e-m/fpv4-sp/hard/libgcc.a
LOAD /Users/joakimmoll/.platformio/packages/toolchain-gccarmnoneeabi/bin/../lib/gcc/arm-none-eabi/7.2.1/../../../../arm-none-eabi/lib/thumb/v7e-m/fpv4-sp/hard/libc_nano.a
END GROUP
START GROUP
LOAD /Users/joakimmoll/.platformio/packages/toolchain-gccarmnoneeabi/bin/../lib/gcc/arm-none-eabi/7.2.1/thumb/v7e-m/fpv4-sp/hard/libgcc.a
LOAD /Users/joakimmoll/.platformio/packages/toolchain-gccarmnoneeabi/bin/../lib/gcc/arm-none-eabi/7.2.1/../../../../arm-none-eabi/lib/thumb/v7e-m/fpv4-sp/hard/libc_nano.a
LOAD /Users/joakimmoll/.platformio/packages/toolchain-gccarmnoneeabi/bin/../lib/gcc/arm-none-eabi/7.2.1/../../../../arm-none-eabi/lib/thumb/v7e-m/fpv4-sp/hard/libnosys.a
END GROUP
START GROUP
LOAD /Users/joakimmoll/.platformio/packages/toolchain-gccarmnoneeabi/bin/../lib/gcc/arm-none-eabi/7.2.1/thumb/v7e-m/fpv4-sp/hard/libgcc.a
LOAD /Users/joakimmoll/.platformio/packages/toolchain-gccarmnoneeabi/bin/../lib/gcc/arm-none-eabi/7.2.1/../../../../arm-none-eabi/lib/thumb/v7e-m/fpv4-sp/hard/libc_nano.a
LOAD /Users/joakimmoll/.platformio/packages/toolchain-gccarmnoneeabi/bin/../lib/gcc/arm-none-eabi/7.2.1/../../../../arm-none-eabi/lib/thumb/v7e-m/fpv4-sp/hard/libnosys.a
END GROUP
LOAD /Users/joakimmoll/.platformio/packages/toolchain-gccarmnoneeabi/bin/../lib/gcc/arm-none-eabi/7.2.1/thumb/v7e-m/fpv4-sp/hard/crtend.o
LOAD /Users/joakimmoll/.platformio/packages/toolchain-gccarmnoneeabi/bin/../lib/gcc/arm-none-eabi/7.2.1/thumb/v7e-m/fpv4-sp/hard/crtn.o
                0x0000000020000000                RAM_START = 0x20000000
                0x0000000000008000                RAM_LENGTH = 0x8000
                0x0000000000000000                FLASH_START = 0x0
                0x0000000000040000                FLASH_LENGTH = 0x40000
                0x0000000040100000                DATA_FLASH_START = 0x40100000
                0x0000000000002000                DATA_FLASH_LENGTH = 0x2000
                0x0000000000000000                OPTION_SETTING_START = 0x0
                0x0000000000000000                OPTION_SETTING_LENGTH = 0x0
                0x0000000000000000                OPTION_SETTING_S_START = 0x0
                0x0000000000000000                OPTION_SETTING_S_LENGTH = 0x0
                0x0000000001010018                ID_CODE_START = 0x1010018
                0x0000000000000020                ID_CODE_LENGTH = 0x20
                0x0000000090000000                SDRAM_START = 0x90000000
                0x0000000000000000                SDRAM_LENGTH = 0x0
                0x0000000060000000                QSPI_FLASH_START = 0x60000000
                0x0000000000000000                QSPI_FLASH_LENGTH = 0x0
                0x0000000068000000                OSPI_DEVICE_0_START = 0x68000000
                0x0000000000000000                OSPI_DEVICE_0_LENGTH = 0x0
                0x0000000070000000                OSPI_DEVICE_1_START = 0x70000000
                0x0000000000000000                OSPI_DEVICE_1_LENGTH = 0x0
                0x0000000000004000                FLASH_IMAGE_START = 0x4000
                0x0000000000000100                VECTOR_TABLE_LENGTH = 0x100
                0x0000000000000400                BSP_CFG_STACK_MAIN_BYTES = 0x400
START GROUP
LOAD /Users/joakimmoll/.platformio/packages/toolchain-gccarmnoneeabi/bin/../lib/gcc/arm-none-eabi/7.2.1/thumb/v7e-m/fpv4-sp/hard/libgcc.a
LOAD /Users/joakimmoll/.platformio/packages/toolchain-gccarmnoneeabi/bin/../lib/gcc/arm-none-eabi/7.2.1/../../../../arm-none-eabi/lib/thumb/v7e-m/fpv4-sp/hard/libc.a
LOAD /Users/joakimmoll/.platformio/packages/toolchain-gccarmnoneeabi/bin/../lib/gcc/arm-none-eabi/7.2.1/../../../../arm-none-eabi/lib/thumb/v7e-m/fpv4-sp/hard/libm.a
LOAD /Users/joakimmoll/.platformio/packages/toolchain-gccarmnoneeabi/bin/../lib/gcc/arm-none-eabi/7.2.1/../../../../arm-none-eabi/lib/thumb/v7e-m/fpv4-sp/hard/libnosys.a
END GROUP

.text           0x0000000000004000     0xa07c
                0x0000000000000000                __tz_FLASH_S = ABSOLUTE (FLASH_START)
                0x0000000000004000                __ROM_Start = .
 *(.sketch_boot)
                0x0000000000004000                . = ALIGN (0x800)
 *(.fixed_vectors*)
 .fixed_vectors
                0x0000000000004000       0x40 /Users/joakimmoll/.platformio/packages/framework-arduinorenesas-uno/variants/UNOWIFIR4/libs/libfsp.a(startup.o)
                0x0000000000004000                __Vectors
 *(.application_vectors*)
 .application_vectors
                0x0000000000004040       0x80 .pio/build/uno_r4_wifi/libFrameworkArduino.a(vector_table.c.o)
                0x0000000000004040                g_vector_table
                0x00000000000040c0                __Vectors_End = .
 *(.text*)
 .text          0x00000000000040c0       0x40 /Users/joakimmoll/.platformio/packages/toolchain-gccarmnoneeabi/bin/../lib/gcc/arm-none-eabi/7.2.1/thumb/v7e-m/fpv4-sp/hard/crtbegin.o
 .text.setup    0x0000000000004100       0x4c .pio/build/uno_r4_wifi/src/main.cpp.o
                0x0000000000004100                setup
 .text.loop     0x000000000000414c       0x54 .pio/build/uno_r4_wifi/src/main.cpp.o
                0x000000000000414c                loop
 .text.startup._GLOBAL__sub_I_lcd
                0x00000000000041a0       0x10 .pio/build/uno_r4_wifi/src/main.cpp.o
 .text._ZN7arduino5Print17availableForWriteEv
                0x00000000000041b0        0x4 .pio/build/uno_r4_wifi/libb6c/libLiquidCrystal_I2C.a(LiquidCrystal_I2C.cpp.o)
                0x00000000000041b0                arduino::Print::availableForWrite()
 .text._ZN7arduino5Print5flushEv
                0x00000000000041b4        0x2 .pio/build/uno_r4_wifi/libb6c/libLiquidCrystal_I2C.a(LiquidCrystal_I2C.cpp.o)
                0x00000000000041b4                arduino::Print::flush()
 *fill*         0x00000000000041b6        0x2 ff
 .text._ZN17LiquidCrystal_I2CC2Ehhh
                0x00000000000041b8       0x1c .pio/build/uno_r4_wifi/libb6c/libLiquidCrystal_I2C.a(LiquidCrystal_I2C.cpp.o)
                0x00000000000041b8                LiquidCrystal_I2C::LiquidCrystal_I2C(unsigned char, unsigned char, unsigned char)
                0x00000000000041b8                LiquidCrystal_I2C::LiquidCrystal_I2C(unsigned char, unsigned char, unsigned char)
 .text._ZN17LiquidCrystal_I2C13expanderWriteEh
                0x00000000000041d4       0x28 .pio/build/uno_r4_wifi/libb6c/libLiquidCrystal_I2C.a(LiquidCrystal_I2C.cpp.o)
                0x00000000000041d4                LiquidCrystal_I2C::expanderWrite(unsigned char)
 .text._ZN17LiquidCrystal_I2C9backlightEv
                0x00000000000041fc        0xa .pio/build/uno_r4_wifi/libb6c/libLiquidCrystal_I2C.a(LiquidCrystal_I2C.cpp.o)
                0x00000000000041fc                LiquidCrystal_I2C::backlight()
 .text._ZN17LiquidCrystal_I2C11pulseEnableEh
                0x0000000000004206       0x28 .pio/build/uno_r4_wifi/libb6c/libLiquidCrystal_I2C.a(LiquidCrystal_I2C.cpp.o)
                0x0000000000004206                LiquidCrystal_I2C::pulseEnable(unsigned char)
 .text._ZN17LiquidCrystal_I2C10write4bitsEh
                0x000000000000422e       0x16 .pio/build/uno_r4_wifi/libb6c/libLiquidCrystal_I2C.a(LiquidCrystal_I2C.cpp.o)
                0x000000000000422e                LiquidCrystal_I2C::write4bits(unsigned char)
 .text._ZN17LiquidCrystal_I2C4sendEhh
                0x0000000000004244       0x22 .pio/build/uno_r4_wifi/libb6c/libLiquidCrystal_I2C.a(LiquidCrystal_I2C.cpp.o)
                0x0000000000004244                LiquidCrystal_I2C::send(unsigned char, unsigned char)
 .text._ZN17LiquidCrystal_I2C5writeEh
                0x0000000000004266        0xc .pio/build/uno_r4_wifi/libb6c/libLiquidCrystal_I2C.a(LiquidCrystal_I2C.cpp.o)
                0x0000000000004266                LiquidCrystal_I2C::write(unsigned char)
 .text._ZN17LiquidCrystal_I2C7commandEh
                0x0000000000004272        0x6 .pio/build/uno_r4_wifi/libb6c/libLiquidCrystal_I2C.a(LiquidCrystal_I2C.cpp.o)
                0x0000000000004272                LiquidCrystal_I2C::command(unsigned char)
 .text._ZN17LiquidCrystal_I2C4homeEv
                0x0000000000004278       0x14 .pio/build/uno_r4_wifi/libb6c/libLiquidCrystal_I2C.a(LiquidCrystal_I2C.cpp.o)
                0x0000000000004278                LiquidCrystal_I2C::home()
 .text._ZN17LiquidCrystal_I2C9setCursorEhh
                0x000000000000428c       0x40 .pio/build/uno_r4_wifi/libb6c/libLiquidCrystal_I2C.a(LiquidCrystal_I2C.cpp.o)
                0x000000000000428c                LiquidCrystal_I2C::setCursor(unsigned char, unsigned char)
 .text._ZN17LiquidCrystal_I2C5clearEv
                0x00000000000042cc       0x26 .pio/build/uno_r4_wifi/libb6c/libLiquidCrystal_I2C.a(LiquidCrystal_I2C.cpp.o)
                0x00000000000042cc                LiquidCrystal_I2C::clear()
 .text._ZN17LiquidCrystal_I2C7displayEv
                0x00000000000042f2       0x14 .pio/build/uno_r4_wifi/libb6c/libLiquidCrystal_I2C.a(LiquidCrystal_I2C.cpp.o)
                0x00000000000042f2                LiquidCrystal_I2C::display()
 .text._ZN17LiquidCrystal_I2C5beginEhhh
                0x0000000000004306       0xa2 .pio/build/uno_r4_wifi/libb6c/libLiquidCrystal_I2C.a(LiquidCrystal_I2C.cpp.o)
                0x0000000000004306                LiquidCrystal_I2C::begin(unsigned char, unsigned char, unsigned char)
 .text._ZN17LiquidCrystal_I2C9init_privEv
                0x00000000000043a8       0x20 .pio/build/uno_r4_wifi/libb6c/libLiquidCrystal_I2C.a(LiquidCrystal_I2C.cpp.o)
                0x00000000000043a8                LiquidCrystal_I2C::init_priv()
 .text._ZN17LiquidCrystal_I2C4initEv
                0x00000000000043c8        0x4 .pio/build/uno_r4_wifi/libb6c/libLiquidCrystal_I2C.a(LiquidCrystal_I2C.cpp.o)
                0x00000000000043c8                LiquidCrystal_I2C::init()
 .text._Z14debouncedPressmb
                0x00000000000043cc       0x28 .pio/build/uno_r4_wifi/lib51f/liblogic.a(logic.cpp.o)
                0x00000000000043cc                debouncedPress(unsigned long, bool)
 .text._Z12pressHandlerv
                0x00000000000043f4       0x10 .pio/build/uno_r4_wifi/lib51f/liblogic.a(logic.cpp.o)
                0x00000000000043f4                pressHandler()
 .text.startup.main
                0x0000000000004404        0xa .pio/build/uno_r4_wifi/libFrameworkArduinoVariant.a(main.c.o)
                0x0000000000004404                main
 .text._ZN7arduino5Print5writeEPKhj
                0x000000000000440e       0x2c .pio/build/uno_r4_wifi/libFrameworkArduino.a(Print.cpp.o)
                0x000000000000440e                arduino::Print::write(unsigned char const*, unsigned int)
 .text._ZN7arduino5Print5writeEPKc.part.2
                0x000000000000443a       0x1e .pio/build/uno_r4_wifi/libFrameworkArduino.a(Print.cpp.o)
 .text._ZN7arduino5Print5writeEPKc
                0x0000000000004458        0xa .pio/build/uno_r4_wifi/libFrameworkArduino.a(Print.cpp.o)
                0x0000000000004458                arduino::Print::write(char const*)
 .text._ZN7arduino5Print5printEPKc
                0x0000000000004462        0x8 .pio/build/uno_r4_wifi/libFrameworkArduino.a(Print.cpp.o)
                0x0000000000004462                arduino::Print::print(char const*)
 .text._ZN7arduino5Print11printNumberEmh
                0x000000000000446a       0x3c .pio/build/uno_r4_wifi/libFrameworkArduino.a(Print.cpp.o)
                0x000000000000446a                arduino::Print::printNumber(unsigned long, unsigned char)
 .text._ZN7arduino5Print5printEmi
                0x00000000000044a6       0x1a .pio/build/uno_r4_wifi/libFrameworkArduino.a(Print.cpp.o)
                0x00000000000044a6                arduino::Print::print(unsigned long, int)
 .text.pinMode  0x00000000000044c0       0x30 .pio/build/uno_r4_wifi/libFrameworkArduino.a(digital.cpp.o)
                0x00000000000044c0                pinMode
 .text.digitalWrite
                0x00000000000044f0       0x18 .pio/build/uno_r4_wifi/libFrameworkArduino.a(digital.cpp.o)
                0x00000000000044f0                digitalWrite
 .text.digitalRead
                0x0000000000004508       0x28 .pio/build/uno_r4_wifi/libFrameworkArduino.a(digital.cpp.o)
                0x0000000000004508                digitalRead
 .text.R_BSP_PinAccessEnable
                0x0000000000004530       0x2c .pio/build/uno_r4_wifi/libFrameworkArduino.a(main.cpp.o)
 .text.start_freertos_on_header_inclusion
                0x000000000000455c        0x2 .pio/build/uno_r4_wifi/libFrameworkArduino.a(main.cpp.o)
                0x000000000000455c                start_freertos_on_header_inclusion
 .text.early_start_freertos_on_header_inclusion
                0x000000000000455e        0x2 .pio/build/uno_r4_wifi/libFrameworkArduino.a(main.cpp.o)
                0x000000000000455e                early_start_freertos_on_header_inclusion
 .text._Z12arduino_mainv
                0x0000000000004560       0x94 .pio/build/uno_r4_wifi/libFrameworkArduino.a(main.cpp.o)
                0x0000000000004560                arduino_main()
 .text._write   0x00000000000045f4        0xc .pio/build/uno_r4_wifi/libFrameworkArduino.a(main.cpp.o)
                0x00000000000045f4                _write
 .text.hal_entry
                0x0000000000004600        0x6 .pio/build/uno_r4_wifi/libFrameworkArduino.a(main.cpp.o)
                0x0000000000004600                hal_entry
 .text.atexit   0x0000000000004606        0x4 .pio/build/uno_r4_wifi/libFrameworkArduino.a(main.cpp.o)
                0x0000000000004606                atexit
 *fill*         0x000000000000460a        0x2 ff
 .text._ZL21timer_micros_callbackP22st_timer_callback_args
                0x000000000000460c       0x10 .pio/build/uno_r4_wifi/libFrameworkArduino.a(time.cpp.o)
 .text.delayMicroseconds
                0x000000000000461c        0x6 .pio/build/uno_r4_wifi/libFrameworkArduino.a(time.cpp.o)
                0x000000000000461c                delayMicroseconds
 .text.yield    0x0000000000004622        0x2 .pio/build/uno_r4_wifi/libFrameworkArduino.a(time.cpp.o)
                0x0000000000004622                yield
 .text.delay    0x0000000000004624       0x1c .pio/build/uno_r4_wifi/libFrameworkArduino.a(time.cpp.o)
                0x0000000000004624                delay
 .text._Z8startAgtv
                0x0000000000004640       0x6c .pio/build/uno_r4_wifi/libFrameworkArduino.a(time.cpp.o)
                0x0000000000004640                startAgt()
 .text.millis   0x00000000000046ac        0xc .pio/build/uno_r4_wifi/libFrameworkArduino.a(time.cpp.o)
                0x00000000000046ac                millis
 .text.startup._GLOBAL__sub_I_delayMicroseconds
                0x00000000000046b8        0xc .pio/build/uno_r4_wifi/libFrameworkArduino.a(time.cpp.o)
 .text.exit._GLOBAL__sub_D_delayMicroseconds
                0x00000000000046c4        0xc .pio/build/uno_r4_wifi/libFrameworkArduino.a(time.cpp.o)
 .text._ZN8FspTimerC2Ev
                0x00000000000046d0       0x18 .pio/build/uno_r4_wifi/libFrameworkArduino.a(FspTimer.cpp.o)
                0x00000000000046d0                FspTimer::FspTimer()
                0x00000000000046d0                FspTimer::FspTimer()
 .text._ZN8FspTimer5beginE12e_timer_modehhmm18e_timer_source_divPFvP22st_timer_callback_argsEPv
                0x00000000000046e8      0x16c .pio/build/uno_r4_wifi/libFrameworkArduino.a(FspTimer.cpp.o)
                0x00000000000046e8                FspTimer::begin(e_timer_mode, unsigned char, unsigned char, unsigned long, unsigned long, e_timer_source_div, void (*)(st_timer_callback_args*), void*)
 .text._ZN8FspTimer4openEv
                0x0000000000004854       0x4e .pio/build/uno_r4_wifi/libFrameworkArduino.a(FspTimer.cpp.o)
                0x0000000000004854                FspTimer::open()
 .text._ZN8FspTimer5startEv
                0x00000000000048a2       0x2e .pio/build/uno_r4_wifi/libFrameworkArduino.a(FspTimer.cpp.o)
                0x00000000000048a2                FspTimer::start()
 .text._ZN8FspTimer5closeEv
                0x00000000000048d0       0x2e .pio/build/uno_r4_wifi/libFrameworkArduino.a(FspTimer.cpp.o)
                0x00000000000048d0                FspTimer::close()
 *fill*         0x00000000000048fe        0x2 ff
 .text._ZN8FspTimer3endEv
                0x0000000000004900       0x48 .pio/build/uno_r4_wifi/libFrameworkArduino.a(FspTimer.cpp.o)
                0x0000000000004900                FspTimer::end()
 .text._ZN8FspTimerD2Ev
                0x0000000000004948        0xc .pio/build/uno_r4_wifi/libFrameworkArduino.a(FspTimer.cpp.o)
                0x0000000000004948                FspTimer::~FspTimer()
                0x0000000000004948                FspTimer::~FspTimer()
 .text._ZN8FspTimer15get_cfg_for_irqEv
                0x0000000000004954       0x14 .pio/build/uno_r4_wifi/libFrameworkArduino.a(FspTimer.cpp.o)
                0x0000000000004954                FspTimer::get_cfg_for_irq()
 .text._ZN8FspTimer9is_openedEv
                0x0000000000004968       0x18 .pio/build/uno_r4_wifi/libFrameworkArduino.a(FspTimer.cpp.o)
                0x0000000000004968                FspTimer::is_opened()
 .text._ZN8FspTimer18setup_overflow_irqEhPFvvE
                0x0000000000004980       0x4e .pio/build/uno_r4_wifi/libFrameworkArduino.a(FspTimer.cpp.o)
                0x0000000000004980                FspTimer::setup_overflow_irq(unsigned char, void (*)())
 *fill*         0x00000000000049ce        0x2 ff
 .text.__NVIC_SetPriority
                0x00000000000049d0       0x28 .pio/build/uno_r4_wifi/libFrameworkArduino.a(IRQManager.cpp.o)
 .text.R_BSP_IrqEnable
                0x00000000000049f8       0x34 .pio/build/uno_r4_wifi/libFrameworkArduino.a(IRQManager.cpp.o)
 .text.R_BSP_IrqDisable
                0x0000000000004a2c       0x24 .pio/build/uno_r4_wifi/libFrameworkArduino.a(IRQManager.cpp.o)
 .text.__tcf_0  0x0000000000004a50        0x2 .pio/build/uno_r4_wifi/libFrameworkArduino.a(IRQManager.cpp.o)
 *fill*         0x0000000000004a52        0x2 ff
 .text._ZN10IRQManager11getInstanceEv
                0x0000000000004a54       0x38 .pio/build/uno_r4_wifi/libFrameworkArduino.a(IRQManager.cpp.o)
                0x0000000000004a54                IRQManager::getInstance()
 .text._ZN10IRQManager18set_ext_link_eventEii
                0x0000000000004a8c       0xc8 .pio/build/uno_r4_wifi/libFrameworkArduino.a(IRQManager.cpp.o)
                0x0000000000004a8c                IRQManager::set_ext_link_event(int, int)
 .text._ZN10IRQManager23set_gpt_over_link_eventEii
                0x0000000000004b54       0x70 .pio/build/uno_r4_wifi/libFrameworkArduino.a(IRQManager.cpp.o)
                0x0000000000004b54                IRQManager::set_gpt_over_link_event(int, int)
 .text._ZN10IRQManager18set_agt_link_eventEii
                0x0000000000004bc4       0x28 .pio/build/uno_r4_wifi/libFrameworkArduino.a(IRQManager.cpp.o)
                0x0000000000004bc4                IRQManager::set_agt_link_event(int, int)
 .text._ZN10IRQManager16addTimerOverflowER5timerPFvvE
                0x0000000000004bec       0x80 .pio/build/uno_r4_wifi/libFrameworkArduino.a(IRQManager.cpp.o)
                0x0000000000004bec                IRQManager::addTimerOverflow(timer&, void (*)())
 .text._ZN10IRQManager21set_iic_tx_link_eventEii
                0x0000000000004c6c       0x20 .pio/build/uno_r4_wifi/libFrameworkArduino.a(IRQManager.cpp.o)
                0x0000000000004c6c                IRQManager::set_iic_tx_link_event(int, int)
 .text._ZN10IRQManager21set_iic_rx_link_eventEii
                0x0000000000004c8c       0x20 .pio/build/uno_r4_wifi/libFrameworkArduino.a(IRQManager.cpp.o)
                0x0000000000004c8c                IRQManager::set_iic_rx_link_event(int, int)
 .text._ZN10IRQManager22set_iic_tei_link_eventEii
                0x0000000000004cac       0x20 .pio/build/uno_r4_wifi/libFrameworkArduino.a(IRQManager.cpp.o)
                0x0000000000004cac                IRQManager::set_iic_tei_link_event(int, int)
 .text._ZN10IRQManager22set_iic_eri_link_eventEii
                0x0000000000004ccc       0x20 .pio/build/uno_r4_wifi/libFrameworkArduino.a(IRQManager.cpp.o)
                0x0000000000004ccc                IRQManager::set_iic_eri_link_event(int, int)
 .text._ZN10IRQManager21set_sci_tx_link_eventEii
                0x0000000000004cec       0x38 .pio/build/uno_r4_wifi/libFrameworkArduino.a(IRQManager.cpp.o)
                0x0000000000004cec                IRQManager::set_sci_tx_link_event(int, int)
 .text._ZN10IRQManager21set_sci_rx_link_eventEii
                0x0000000000004d24       0x38 .pio/build/uno_r4_wifi/libFrameworkArduino.a(IRQManager.cpp.o)
                0x0000000000004d24                IRQManager::set_sci_rx_link_event(int, int)
 .text._ZN10IRQManager22set_sci_tei_link_eventEii
                0x0000000000004d5c       0x38 .pio/build/uno_r4_wifi/libFrameworkArduino.a(IRQManager.cpp.o)
                0x0000000000004d5c                IRQManager::set_sci_tei_link_event(int, int)
 .text._ZN10IRQManager22set_sci_eri_link_eventEii
                0x0000000000004d94       0x38 .pio/build/uno_r4_wifi/libFrameworkArduino.a(IRQManager.cpp.o)
                0x0000000000004d94                IRQManager::set_sci_eri_link_event(int, int)
 .text._ZN10IRQManager21set_spi_tx_link_eventEii
                0x0000000000004dcc       0x20 .pio/build/uno_r4_wifi/libFrameworkArduino.a(IRQManager.cpp.o)
                0x0000000000004dcc                IRQManager::set_spi_tx_link_event(int, int)
 .text._ZN10IRQManager21set_spi_rx_link_eventEii
                0x0000000000004dec       0x20 .pio/build/uno_r4_wifi/libFrameworkArduino.a(IRQManager.cpp.o)
                0x0000000000004dec                IRQManager::set_spi_rx_link_event(int, int)
 .text._ZN10IRQManager22set_spi_tei_link_eventEii
                0x0000000000004e0c       0x20 .pio/build/uno_r4_wifi/libFrameworkArduino.a(IRQManager.cpp.o)
                0x0000000000004e0c                IRQManager::set_spi_tei_link_event(int, int)
 .text._ZN10IRQManager22set_spi_eri_link_eventEii
                0x0000000000004e2c       0x20 .pio/build/uno_r4_wifi/libFrameworkArduino.a(IRQManager.cpp.o)
                0x0000000000004e2c                IRQManager::set_spi_eri_link_event(int, int)
 .text._ZN10IRQManager13addPeripheralE12Peripheral_tPv
                0x0000000000004e4c      0x904 .pio/build/uno_r4_wifi/libFrameworkArduino.a(IRQManager.cpp.o)
                0x0000000000004e4c                IRQManager::addPeripheral(Peripheral_t, void*)
 .text._ZN4UARTcvbEv
                0x0000000000005750        0x4 .pio/build/uno_r4_wifi/libFrameworkArduino.a(Serial.cpp.o)
                0x0000000000005750                UART::operator bool()
 .text._ZN4UART5beginEm
                0x0000000000005754        0xa .pio/build/uno_r4_wifi/libFrameworkArduino.a(Serial.cpp.o)
                0x0000000000005754                UART::begin(unsigned long)
 .text._ZN4UART5flushEv
                0x000000000000575e        0xa .pio/build/uno_r4_wifi/libFrameworkArduino.a(Serial.cpp.o)
                0x000000000000575e                UART::flush()
 .text._ZN4UART4peekEv
                0x0000000000005768       0x18 .pio/build/uno_r4_wifi/libFrameworkArduino.a(Serial.cpp.o)
                0x0000000000005768                UART::peek()
 .text._ZN4UART5writeEh
                0x0000000000005780       0x34 .pio/build/uno_r4_wifi/libFrameworkArduino.a(Serial.cpp.o)
                0x0000000000005780                UART::write(unsigned char)
 .text._ZN4UART3endEv
                0x00000000000057b4       0x22 .pio/build/uno_r4_wifi/libFrameworkArduino.a(Serial.cpp.o)
                0x00000000000057b4                UART::end()
 .text._ZN7__GuardD2Ev
                0x00000000000057d6        0xc .pio/build/uno_r4_wifi/libFrameworkArduino.a(Serial.cpp.o)
                0x00000000000057d6                __Guard::~__Guard()
                0x00000000000057d6                __Guard::~__Guard()
 .text._ZN4UART9availableEv
                0x00000000000057e2       0x32 .pio/build/uno_r4_wifi/libFrameworkArduino.a(Serial.cpp.o)
                0x00000000000057e2                UART::available()
 .text._ZN4UART15WrapperCallbackEP20st_uart_callback_arg
                0x0000000000005814       0x90 .pio/build/uno_r4_wifi/libFrameworkArduino.a(Serial.cpp.o)
                0x0000000000005814                UART::WrapperCallback(st_uart_callback_arg*)
 .text._ZN4UART4readEv
                0x00000000000058a4       0x5c .pio/build/uno_r4_wifi/libFrameworkArduino.a(Serial.cpp.o)
                0x00000000000058a4                UART::read()
 .text._ZN4UARTC2Eiiii
                0x0000000000005900       0x78 .pio/build/uno_r4_wifi/libFrameworkArduino.a(Serial.cpp.o)
                0x0000000000005900                UART::UART(int, int, int, int)
                0x0000000000005900                UART::UART(int, int, int, int)
 .text._ZN4UART13setUpUartIrqsER11st_uart_cfg
                0x0000000000005978       0x14 .pio/build/uno_r4_wifi/libFrameworkArduino.a(Serial.cpp.o)
                0x0000000000005978                UART::setUpUartIrqs(st_uart_cfg&)
 .text._ZN4UART8cfg_pinsEi
                0x000000000000598c       0xe8 .pio/build/uno_r4_wifi/libFrameworkArduino.a(Serial.cpp.o)
                0x000000000000598c                UART::cfg_pins(int)
 .text._ZN4UART5beginEmt
                0x0000000000005a74      0x1a8 .pio/build/uno_r4_wifi/libFrameworkArduino.a(Serial.cpp.o)
                0x0000000000005a74                UART::begin(unsigned long, unsigned short)
 .text._ZN4UART9write_rawEPhj
                0x0000000000005c1c       0x1e .pio/build/uno_r4_wifi/libFrameworkArduino.a(Serial.cpp.o)
                0x0000000000005c1c                UART::write_raw(unsigned char*, unsigned int)
 *fill*         0x0000000000005c3a        0x2 ff
 .text.startup._GLOBAL__sub_I__UART1_
                0x0000000000005c3c       0x1c .pio/build/uno_r4_wifi/libFrameworkArduino.a(SerialObj1.cpp.o)
 .text._ZL13readAllGroupAP13ADC_Container
                0x0000000000005c58       0x2c .pio/build/uno_r4_wifi/libFrameworkArduino.a(analog.cpp.o)
 .text._ZL11ADC_irq_cbkP20st_adc_callback_args
                0x0000000000005c84       0x58 .pio/build/uno_r4_wifi/libFrameworkArduino.a(analog.cpp.o)
 .text._ZL10adcConvertP13ADC_Containert
                0x0000000000005cdc       0xa4 .pio/build/uno_r4_wifi/libFrameworkArduino.a(analog.cpp.o)
 .text._ZL21get_ADC_container_ptrlRt.constprop.4
                0x0000000000005d80       0x38 .pio/build/uno_r4_wifi/libFrameworkArduino.a(analog.cpp.o)
 .text._ZN13ADC_ContainerC2EhPFvP20st_adc_callback_argsEPv
                0x0000000000005db8       0x6e .pio/build/uno_r4_wifi/libFrameworkArduino.a(analog.cpp.o)
                0x0000000000005db8                ADC_Container::ADC_Container(unsigned char, void (*)(st_adc_callback_args*), void*)
                0x0000000000005db8                ADC_Container::ADC_Container(unsigned char, void (*)(st_adc_callback_args*), void*)
 .text._ZN13ADC_ContainerD2Ev
                0x0000000000005e26       0x12 .pio/build/uno_r4_wifi/libFrameworkArduino.a(analog.cpp.o)
                0x0000000000005e26                ADC_Container::~ADC_Container()
                0x0000000000005e26                ADC_Container::~ADC_Container()
 .text.analogRead
                0x0000000000005e38       0x3c .pio/build/uno_r4_wifi/libFrameworkArduino.a(analog.cpp.o)
                0x0000000000005e38                analogRead
 .text.analogReference
                0x0000000000005e74       0x5c .pio/build/uno_r4_wifi/libFrameworkArduino.a(analog.cpp.o)
                0x0000000000005e74                analogReference
 .text._Z15analogReferencev
                0x0000000000005ed0      0x10c .pio/build/uno_r4_wifi/libFrameworkArduino.a(analog.cpp.o)
                0x0000000000005ed0                analogReference()
 .text._Z23__get_timer_for_channeli
                0x0000000000005fdc       0x2c .pio/build/uno_r4_wifi/libFrameworkArduino.a(analog.cpp.o)
                0x0000000000005fdc                __get_timer_for_channel(int)
 .text.startup._GLOBAL__sub_I__ZN13ADC_ContainerC2EhPFvP20st_adc_callback_argsEPv
                0x0000000000006008       0x4c .pio/build/uno_r4_wifi/libFrameworkArduino.a(analog.cpp.o)
 .text.exit._GLOBAL__sub_D__ZN13ADC_ContainerC2EhPFvP20st_adc_callback_argsEPv
                0x0000000000006054       0x1c .pio/build/uno_r4_wifi/libFrameworkArduino.a(analog.cpp.o)
 .text._Z3maplllll
                0x0000000000006070       0x14 .pio/build/uno_r4_wifi/libFrameworkArduino.a(Common.cpp.o)
                0x0000000000006070                map(long, long, long, long, long)
 .text.dump_stack
                0x0000000000006084       0x7c .pio/build/uno_r4_wifi/libFrameworkArduino.a(cm_backtrace.c.o)
 .text.cm_backtrace_init
                0x0000000000006100       0x74 .pio/build/uno_r4_wifi/libFrameworkArduino.a(cm_backtrace.c.o)
                0x0000000000006100                cm_backtrace_init
 .text.cm_backtrace_firmware_info
                0x0000000000006174       0x2c .pio/build/uno_r4_wifi/libFrameworkArduino.a(cm_backtrace.c.o)
                0x0000000000006174                cm_backtrace_firmware_info
 .text.cm_backtrace_call_stack
                0x00000000000061a0       0xe4 .pio/build/uno_r4_wifi/libFrameworkArduino.a(cm_backtrace.c.o)
                0x00000000000061a0                cm_backtrace_call_stack
 .text.print_call_stack
                0x0000000000006284       0x94 .pio/build/uno_r4_wifi/libFrameworkArduino.a(cm_backtrace.c.o)
 .text.cm_backtrace_fault
                0x0000000000006318      0x470 .pio/build/uno_r4_wifi/libFrameworkArduino.a(cm_backtrace.c.o)
                0x0000000000006318                cm_backtrace_fault
 .text.Stacktrace_Handler
                0x0000000000006788        0xa .pio/build/uno_r4_wifi/libFrameworkArduino.a(cortex_handlers.c.o)
                0x0000000000006788                Stacktrace_Handler
 *fill*         0x0000000000006792        0x2 ff
 .text._ZN4CDacC2Eh
                0x0000000000006794       0x6c .pio/build/uno_r4_wifi/libFrameworkArduino.a(dac.cpp.o)
                0x0000000000006794                CDac::CDac(unsigned char)
                0x0000000000006794                CDac::CDac(unsigned char)
 .text.startup._GLOBAL__sub_I__ZN4CDacC2Eh
                0x0000000000006800        0xc .pio/build/uno_r4_wifi/libFrameworkArduino.a(dac.cpp.o)
 .text._Z13pinPeripheral19e_bsp_io_port_pin_tm
                0x000000000000680c       0x10 .pio/build/uno_r4_wifi/libFrameworkArduino.a(pinDefinitions.cpp.o)
                0x000000000000680c                pinPeripheral(e_bsp_io_port_pin_t, unsigned long)
 .text._Z10getPinCfgsh11PinCfgReq_t
                0x000000000000681c       0xe0 .pio/build/uno_r4_wifi/libFrameworkArduino.a(variant_helper.cpp.o)
                0x000000000000681c                getPinCfgs(unsigned char, PinCfgReq_t)
 .text.r_spi_call_callback
                0x00000000000068fc       0x40 /Users/joakimmoll/.platformio/packages/framework-arduinorenesas-uno/variants/UNOWIFIR4/libs/libfsp.a(r_spi.o)
 .text.spi_rxi_isr
                0x000000000000693c       0x9c /Users/joakimmoll/.platformio/packages/framework-arduinorenesas-uno/variants/UNOWIFIR4/libs/libfsp.a(r_spi.o)
                0x000000000000693c                spi_rxi_isr
 .text.spi_txi_isr
                0x00000000000069d8       0xd8 /Users/joakimmoll/.platformio/packages/framework-arduinorenesas-uno/variants/UNOWIFIR4/libs/libfsp.a(r_spi.o)
                0x00000000000069d8                spi_txi_isr
 .text.spi_tei_isr
                0x0000000000006ab0       0xe0 /Users/joakimmoll/.platformio/packages/framework-arduinorenesas-uno/variants/UNOWIFIR4/libs/libfsp.a(r_spi.o)
                0x0000000000006ab0                spi_tei_isr
 .text.spi_eri_isr
                0x0000000000006b90       0xdc /Users/joakimmoll/.platformio/packages/framework-arduinorenesas-uno/variants/UNOWIFIR4/libs/libfsp.a(r_spi.o)
                0x0000000000006b90                spi_eri_isr
 .text.R_SCI_UART_Write
                0x0000000000006c6c       0xb0 /Users/joakimmoll/.platformio/packages/framework-arduinorenesas-uno/variants/UNOWIFIR4/libs/libfsp.a(r_sci_uart.o)
                0x0000000000006c6c                R_SCI_UART_Write
 .text.R_SCI_UART_BaudSet
                0x0000000000006d1c       0x44 /Users/joakimmoll/.platformio/packages/framework-arduinorenesas-uno/variants/UNOWIFIR4/libs/libfsp.a(r_sci_uart.o)
                0x0000000000006d1c                R_SCI_UART_BaudSet
 .text.R_SCI_UART_Close
                0x0000000000006d60       0xd8 /Users/joakimmoll/.platformio/packages/framework-arduinorenesas-uno/variants/UNOWIFIR4/libs/libfsp.a(r_sci_uart.o)
                0x0000000000006d60                R_SCI_UART_Close
 .text.r_sci_uart_call_callback
                0x0000000000006e38       0x44 /Users/joakimmoll/.platformio/packages/framework-arduinorenesas-uno/variants/UNOWIFIR4/libs/libfsp.a(r_sci_uart.o)
 .text.r_sci_uart_transfer_configure.isra.0
                0x0000000000006e7c       0x38 /Users/joakimmoll/.platformio/packages/framework-arduinorenesas-uno/variants/UNOWIFIR4/libs/libfsp.a(r_sci_uart.o)
 .text.R_SCI_UART_Open
                0x0000000000006eb4      0x448 /Users/joakimmoll/.platformio/packages/framework-arduinorenesas-uno/variants/UNOWIFIR4/libs/libfsp.a(r_sci_uart.o)
                0x0000000000006eb4                R_SCI_UART_Open
 .text.R_SCI_UART_BaudCalculate
                0x00000000000072fc      0x184 /Users/joakimmoll/.platformio/packages/framework-arduinorenesas-uno/variants/UNOWIFIR4/libs/libfsp.a(r_sci_uart.o)
                0x00000000000072fc                R_SCI_UART_BaudCalculate
 .text.sci_uart_txi_isr
                0x0000000000007480       0xec /Users/joakimmoll/.platformio/packages/framework-arduinorenesas-uno/variants/UNOWIFIR4/libs/libfsp.a(r_sci_uart.o)
                0x0000000000007480                sci_uart_txi_isr
 .text.sci_uart_rxi_isr
                0x000000000000756c      0x184 /Users/joakimmoll/.platformio/packages/framework-arduinorenesas-uno/variants/UNOWIFIR4/libs/libfsp.a(r_sci_uart.o)
                0x000000000000756c                sci_uart_rxi_isr
 .text.sci_uart_tei_isr
                0x00000000000076f0       0x40 /Users/joakimmoll/.platformio/packages/framework-arduinorenesas-uno/variants/UNOWIFIR4/libs/libfsp.a(r_sci_uart.o)
                0x00000000000076f0                sci_uart_tei_isr
 .text.sci_uart_eri_isr
                0x0000000000007730       0x78 /Users/joakimmoll/.platformio/packages/framework-arduinorenesas-uno/variants/UNOWIFIR4/libs/libfsp.a(r_sci_uart.o)
                0x0000000000007730                sci_uart_eri_isr
 .text.r_sci_spi_call_callback
                0x00000000000077a8       0x40 /Users/joakimmoll/.platformio/packages/framework-arduinorenesas-uno/variants/UNOWIFIR4/libs/libfsp.a(r_sci_spi.o)
 .text.sci_spi_txi_isr
                0x00000000000077e8       0x68 /Users/joakimmoll/.platformio/packages/framework-arduinorenesas-uno/variants/UNOWIFIR4/libs/libfsp.a(r_sci_spi.o)
                0x00000000000077e8                sci_spi_txi_isr
 .text.sci_spi_rxi_isr
                0x0000000000007850       0x74 /Users/joakimmoll/.platformio/packages/framework-arduinorenesas-uno/variants/UNOWIFIR4/libs/libfsp.a(r_sci_spi.o)
                0x0000000000007850                sci_spi_rxi_isr
 .text.sci_spi_tei_isr
                0x00000000000078c4       0x3c /Users/joakimmoll/.platformio/packages/framework-arduinorenesas-uno/variants/UNOWIFIR4/libs/libfsp.a(r_sci_spi.o)
                0x00000000000078c4                sci_spi_tei_isr
 .text.sci_spi_eri_isr
                0x0000000000007900       0x44 /Users/joakimmoll/.platformio/packages/framework-arduinorenesas-uno/variants/UNOWIFIR4/libs/libfsp.a(r_sci_spi.o)
                0x0000000000007900                sci_spi_eri_isr
 .text.R_SCI_I2C_Abort
                0x0000000000007944       0x20 /Users/joakimmoll/.platformio/packages/framework-arduinorenesas-uno/variants/UNOWIFIR4/libs/libfsp.a(r_sci_i2c.o)
                0x0000000000007944                R_SCI_I2C_Abort
 .text.R_SCI_I2C_SlaveAddressSet
                0x0000000000007964        0x8 /Users/joakimmoll/.platformio/packages/framework-arduinorenesas-uno/variants/UNOWIFIR4/libs/libfsp.a(r_sci_i2c.o)
                0x0000000000007964                R_SCI_I2C_SlaveAddressSet
 .text.R_SCI_I2C_CallbackSet
                0x000000000000796c        0xc /Users/joakimmoll/.platformio/packages/framework-arduinorenesas-uno/variants/UNOWIFIR4/libs/libfsp.a(r_sci_i2c.o)
                0x000000000000796c                R_SCI_I2C_CallbackSet
 .text.R_SCI_I2C_StatusGet
                0x0000000000007978       0x18 /Users/joakimmoll/.platformio/packages/framework-arduinorenesas-uno/variants/UNOWIFIR4/libs/libfsp.a(r_sci_i2c.o)
                0x0000000000007978                R_SCI_I2C_StatusGet
 .text.R_SCI_I2C_Close
                0x0000000000007990       0x70 /Users/joakimmoll/.platformio/packages/framework-arduinorenesas-uno/variants/UNOWIFIR4/libs/libfsp.a(r_sci_i2c.o)
                0x0000000000007990                R_SCI_I2C_Close
 .text.sci_i2c_enable_transfer_support_tx
                0x0000000000007a00       0x34 /Users/joakimmoll/.platformio/packages/framework-arduinorenesas-uno/variants/UNOWIFIR4/libs/libfsp.a(r_sci_i2c.o)
 .text.R_SCI_I2C_Write
                0x0000000000007a34       0xec /Users/joakimmoll/.platformio/packages/framework-arduinorenesas-uno/variants/UNOWIFIR4/libs/libfsp.a(r_sci_i2c.o)
                0x0000000000007a34                R_SCI_I2C_Write
 .text.R_SCI_I2C_Read
                0x0000000000007b20       0xf0 /Users/joakimmoll/.platformio/packages/framework-arduinorenesas-uno/variants/UNOWIFIR4/libs/libfsp.a(r_sci_i2c.o)
                0x0000000000007b20                R_SCI_I2C_Read
 .text.R_SCI_I2C_Open
                0x0000000000007c10      0x220 /Users/joakimmoll/.platformio/packages/framework-arduinorenesas-uno/variants/UNOWIFIR4/libs/libfsp.a(r_sci_i2c.o)
                0x0000000000007c10                R_SCI_I2C_Open
 .text.sci_i2c_notify
                0x0000000000007e30       0x64 /Users/joakimmoll/.platformio/packages/framework-arduinorenesas-uno/variants/UNOWIFIR4/libs/libfsp.a(r_sci_i2c.o)
                0x0000000000007e30                sci_i2c_notify
 .text.sci_i2c_rxi_isr
                0x0000000000007e94       0x20 /Users/joakimmoll/.platformio/packages/framework-arduinorenesas-uno/variants/UNOWIFIR4/libs/libfsp.a(r_sci_i2c.o)
                0x0000000000007e94                sci_i2c_rxi_isr
 .text.sci_i2c_txi_isr
                0x0000000000007eb4      0x198 /Users/joakimmoll/.platformio/packages/framework-arduinorenesas-uno/variants/UNOWIFIR4/libs/libfsp.a(r_sci_i2c.o)
                0x0000000000007eb4                sci_i2c_txi_isr
 .text.sci_i2c_tei_isr
                0x000000000000804c       0xf0 /Users/joakimmoll/.platformio/packages/framework-arduinorenesas-uno/variants/UNOWIFIR4/libs/libfsp.a(r_sci_i2c.o)
                0x000000000000804c                sci_i2c_tei_isr
 .text.rtc_alarm_periodic_isr
                0x000000000000813c       0x68 /Users/joakimmoll/.platformio/packages/framework-arduinorenesas-uno/variants/UNOWIFIR4/libs/libfsp.a(r_rtc.o)
                0x000000000000813c                rtc_alarm_periodic_isr
 .text.rtc_carry_isr
                0x00000000000081a4       0x2c /Users/joakimmoll/.platformio/packages/framework-arduinorenesas-uno/variants/UNOWIFIR4/libs/libfsp.a(r_rtc.o)
                0x00000000000081a4                rtc_carry_isr
 .text.R_IOPORT_PinRead
                0x00000000000081d0       0x1c /Users/joakimmoll/.platformio/packages/framework-arduinorenesas-uno/variants/UNOWIFIR4/libs/libfsp.a(r_ioport.o)
                0x00000000000081d0                R_IOPORT_PinRead
 .text.R_IOPORT_PinWrite
                0x00000000000081ec       0x20 /Users/joakimmoll/.platformio/packages/framework-arduinorenesas-uno/variants/UNOWIFIR4/libs/libfsp.a(r_ioport.o)
                0x00000000000081ec                R_IOPORT_PinWrite
 .text.bsp_vbatt_init
                0x000000000000820c       0xac /Users/joakimmoll/.platformio/packages/framework-arduinorenesas-uno/variants/UNOWIFIR4/libs/libfsp.a(r_ioport.o)
 .text.R_IOPORT_PinCfg
                0x00000000000082b8       0xa8 /Users/joakimmoll/.platformio/packages/framework-arduinorenesas-uno/variants/UNOWIFIR4/libs/libfsp.a(r_ioport.o)
                0x00000000000082b8                R_IOPORT_PinCfg
 .text.R_IIC_SLAVE_Read
                0x0000000000008360       0x38 /Users/joakimmoll/.platformio/packages/framework-arduinorenesas-uno/variants/UNOWIFIR4/libs/libfsp.a(r_iic_slave.o)
                0x0000000000008360                R_IIC_SLAVE_Read
 .text.R_IIC_SLAVE_Write
                0x0000000000008398       0x34 /Users/joakimmoll/.platformio/packages/framework-arduinorenesas-uno/variants/UNOWIFIR4/libs/libfsp.a(r_iic_slave.o)
                0x0000000000008398                R_IIC_SLAVE_Write
 .text.R_IIC_SLAVE_CallbackSet
                0x00000000000083cc        0xc /Users/joakimmoll/.platformio/packages/framework-arduinorenesas-uno/variants/UNOWIFIR4/libs/libfsp.a(r_iic_slave.o)
                0x00000000000083cc                R_IIC_SLAVE_CallbackSet
 .text.R_IIC_SLAVE_Close
                0x00000000000083d8       0xcc /Users/joakimmoll/.platformio/packages/framework-arduinorenesas-uno/variants/UNOWIFIR4/libs/libfsp.a(r_iic_slave.o)
                0x00000000000083d8                R_IIC_SLAVE_Close
 .text.r_iic_slave_call_callback
                0x00000000000084a4       0x3c /Users/joakimmoll/.platformio/packages/framework-arduinorenesas-uno/variants/UNOWIFIR4/libs/libfsp.a(r_iic_slave.o)
 .text.iic_slave_initiate_transaction
                0x00000000000084e0       0x74 /Users/joakimmoll/.platformio/packages/framework-arduinorenesas-uno/variants/UNOWIFIR4/libs/libfsp.a(r_iic_slave.o)
 .text.R_IIC_SLAVE_Open
                0x0000000000008554      0x228 /Users/joakimmoll/.platformio/packages/framework-arduinorenesas-uno/variants/UNOWIFIR4/libs/libfsp.a(r_iic_slave.o)
                0x0000000000008554                R_IIC_SLAVE_Open
 .text.iic_slave_rxi_isr
                0x000000000000877c      0x12c /Users/joakimmoll/.platformio/packages/framework-arduinorenesas-uno/variants/UNOWIFIR4/libs/libfsp.a(r_iic_slave.o)
                0x000000000000877c                iic_slave_rxi_isr
 .text.iic_slave_txi_isr
                0x00000000000088a8       0xa8 /Users/joakimmoll/.platformio/packages/framework-arduinorenesas-uno/variants/UNOWIFIR4/libs/libfsp.a(r_iic_slave.o)
                0x00000000000088a8                iic_slave_txi_isr
 .text.iic_slave_tei_isr
                0x0000000000008950       0x94 /Users/joakimmoll/.platformio/packages/framework-arduinorenesas-uno/variants/UNOWIFIR4/libs/libfsp.a(r_iic_slave.o)
                0x0000000000008950                iic_slave_tei_isr
 .text.iic_slave_eri_isr
                0x00000000000089e4      0x10c /Users/joakimmoll/.platformio/packages/framework-arduinorenesas-uno/variants/UNOWIFIR4/libs/libfsp.a(r_iic_slave.o)
                0x00000000000089e4                iic_slave_eri_isr
 .text.R_IIC_MASTER_SlaveAddressSet
                0x0000000000008af0        0x8 /Users/joakimmoll/.platformio/packages/framework-arduinorenesas-uno/variants/UNOWIFIR4/libs/libfsp.a(r_iic_master.o)
                0x0000000000008af0                R_IIC_MASTER_SlaveAddressSet
 .text.R_IIC_MASTER_CallbackSet
                0x0000000000008af8        0xc /Users/joakimmoll/.platformio/packages/framework-arduinorenesas-uno/variants/UNOWIFIR4/libs/libfsp.a(r_iic_master.o)
                0x0000000000008af8                R_IIC_MASTER_CallbackSet
 .text.R_IIC_MASTER_StatusGet
                0x0000000000008b04       0x18 /Users/joakimmoll/.platformio/packages/framework-arduinorenesas-uno/variants/UNOWIFIR4/libs/libfsp.a(r_iic_master.o)
                0x0000000000008b04                R_IIC_MASTER_StatusGet
 .text.iic_master_notify
                0x0000000000008b1c       0x3c /Users/joakimmoll/.platformio/packages/framework-arduinorenesas-uno/variants/UNOWIFIR4/libs/libfsp.a(r_iic_master.o)
 .text.iic_master_run_hw_master
                0x0000000000008b58       0xd8 /Users/joakimmoll/.platformio/packages/framework-arduinorenesas-uno/variants/UNOWIFIR4/libs/libfsp.a(r_iic_master.o)
 .text.R_IIC_MASTER_Read
                0x0000000000008c30       0x34 /Users/joakimmoll/.platformio/packages/framework-arduinorenesas-uno/variants/UNOWIFIR4/libs/libfsp.a(r_iic_master.o)
                0x0000000000008c30                R_IIC_MASTER_Read
 .text.R_IIC_MASTER_Write
                0x0000000000008c64       0x30 /Users/joakimmoll/.platformio/packages/framework-arduinorenesas-uno/variants/UNOWIFIR4/libs/libfsp.a(r_iic_master.o)
                0x0000000000008c64                R_IIC_MASTER_Write
 .text.iic_master_open_hw_master
                0x0000000000008c94      0x184 /Users/joakimmoll/.platformio/packages/framework-arduinorenesas-uno/variants/UNOWIFIR4/libs/libfsp.a(r_iic_master.o)
 .text.R_IIC_MASTER_Open
                0x0000000000008e18       0x7c /Users/joakimmoll/.platformio/packages/framework-arduinorenesas-uno/variants/UNOWIFIR4/libs/libfsp.a(r_iic_master.o)
                0x0000000000008e18                R_IIC_MASTER_Open
 .text.R_IIC_MASTER_Abort
                0x0000000000008e94       0x4c /Users/joakimmoll/.platformio/packages/framework-arduinorenesas-uno/variants/UNOWIFIR4/libs/libfsp.a(r_iic_master.o)
                0x0000000000008e94                R_IIC_MASTER_Abort
 .text.R_IIC_MASTER_Close
                0x0000000000008ee0      0x104 /Users/joakimmoll/.platformio/packages/framework-arduinorenesas-uno/variants/UNOWIFIR4/libs/libfsp.a(r_iic_master.o)
                0x0000000000008ee0                R_IIC_MASTER_Close
 .text.iic_master_rxi_isr
                0x0000000000008fe4      0x13c /Users/joakimmoll/.platformio/packages/framework-arduinorenesas-uno/variants/UNOWIFIR4/libs/libfsp.a(r_iic_master.o)
                0x0000000000008fe4                iic_master_rxi_isr
 .text.iic_master_txi_isr
                0x0000000000009120       0xec /Users/joakimmoll/.platformio/packages/framework-arduinorenesas-uno/variants/UNOWIFIR4/libs/libfsp.a(r_iic_master.o)
                0x0000000000009120                iic_master_txi_isr
 .text.iic_master_tei_isr
                0x000000000000920c       0xc4 /Users/joakimmoll/.platformio/packages/framework-arduinorenesas-uno/variants/UNOWIFIR4/libs/libfsp.a(r_iic_master.o)
                0x000000000000920c                iic_master_tei_isr
 .text.iic_master_eri_isr
                0x00000000000092d0      0x140 /Users/joakimmoll/.platformio/packages/framework-arduinorenesas-uno/variants/UNOWIFIR4/libs/libfsp.a(r_iic_master.o)
                0x00000000000092d0                iic_master_eri_isr
 .text.r_icu_isr
                0x0000000000009410       0x6c /Users/joakimmoll/.platformio/packages/framework-arduinorenesas-uno/variants/UNOWIFIR4/libs/libfsp.a(r_icu.o)
                0x0000000000009410                r_icu_isr
 .text.R_GPT_Start
                0x000000000000947c        0xc /Users/joakimmoll/.platformio/packages/framework-arduinorenesas-uno/variants/UNOWIFIR4/libs/libfsp.a(r_gpt.o)
                0x000000000000947c                R_GPT_Start
 .text.R_GPT_Enable
                0x0000000000009488       0x30 /Users/joakimmoll/.platformio/packages/framework-arduinorenesas-uno/variants/UNOWIFIR4/libs/libfsp.a(r_gpt.o)
                0x0000000000009488                R_GPT_Enable
 .text.r_gpt_enable_irq
                0x00000000000094b8       0x5c /Users/joakimmoll/.platformio/packages/framework-arduinorenesas-uno/variants/UNOWIFIR4/libs/libfsp.a(r_gpt.o)
 .text.r_gpt_call_callback
                0x0000000000009514       0x3c /Users/joakimmoll/.platformio/packages/framework-arduinorenesas-uno/variants/UNOWIFIR4/libs/libfsp.a(r_gpt.o)
 .text.gpt_calculate_duty_cycle.isra.0
                0x0000000000009550       0x78 /Users/joakimmoll/.platformio/packages/framework-arduinorenesas-uno/variants/UNOWIFIR4/libs/libfsp.a(r_gpt.o)
 .text.R_GPT_Open
                0x00000000000095c8      0x264 /Users/joakimmoll/.platformio/packages/framework-arduinorenesas-uno/variants/UNOWIFIR4/libs/libfsp.a(r_gpt.o)
                0x00000000000095c8                R_GPT_Open
 .text.R_GPT_Close
                0x000000000000982c       0xd4 /Users/joakimmoll/.platformio/packages/framework-arduinorenesas-uno/variants/UNOWIFIR4/libs/libfsp.a(r_gpt.o)
                0x000000000000982c                R_GPT_Close
 .text.gpt_counter_overflow_isr
                0x0000000000009900       0x78 /Users/joakimmoll/.platformio/packages/framework-arduinorenesas-uno/variants/UNOWIFIR4/libs/libfsp.a(r_gpt.o)
                0x0000000000009900                gpt_counter_overflow_isr
 .text.R_DAC_Open
                0x0000000000009978       0x88 /Users/joakimmoll/.platformio/packages/framework-arduinorenesas-uno/variants/UNOWIFIR4/libs/libfsp.a(r_dac.o)
                0x0000000000009978                R_DAC_Open
 .text.R_DAC_Write
                0x0000000000009a00        0xc /Users/joakimmoll/.platformio/packages/framework-arduinorenesas-uno/variants/UNOWIFIR4/libs/libfsp.a(r_dac.o)
                0x0000000000009a00                R_DAC_Write
 .text.R_DAC_Start
                0x0000000000009a0c       0x30 /Users/joakimmoll/.platformio/packages/framework-arduinorenesas-uno/variants/UNOWIFIR4/libs/libfsp.a(r_dac.o)
                0x0000000000009a0c                R_DAC_Start
 .text.R_DAC_Stop
                0x0000000000009a3c       0x34 /Users/joakimmoll/.platformio/packages/framework-arduinorenesas-uno/variants/UNOWIFIR4/libs/libfsp.a(r_dac.o)
                0x0000000000009a3c                R_DAC_Stop
 .text.R_DAC_Close
                0x0000000000009a70       0x40 /Users/joakimmoll/.platformio/packages/framework-arduinorenesas-uno/variants/UNOWIFIR4/libs/libfsp.a(r_dac.o)
                0x0000000000009a70                R_DAC_Close
 .text.r_can_call_callback
                0x0000000000009ab0       0x68 /Users/joakimmoll/.platformio/packages/framework-arduinorenesas-uno/variants/UNOWIFIR4/libs/libfsp.a(r_can.o)
 .text.can_error_isr
                0x0000000000009b18       0xd4 /Users/joakimmoll/.platformio/packages/framework-arduinorenesas-uno/variants/UNOWIFIR4/libs/libfsp.a(r_can.o)
                0x0000000000009b18                can_error_isr
 .text.can_rx_isr
                0x0000000000009bec      0x118 /Users/joakimmoll/.platformio/packages/framework-arduinorenesas-uno/variants/UNOWIFIR4/libs/libfsp.a(r_can.o)
                0x0000000000009bec                can_rx_isr
 .text.can_tx_isr
                0x0000000000009d04       0xa0 /Users/joakimmoll/.platformio/packages/framework-arduinorenesas-uno/variants/UNOWIFIR4/libs/libfsp.a(r_can.o)
                0x0000000000009d04                can_tx_isr
 .text.R_AGT_Start
                0x0000000000009da4       0x38 /Users/joakimmoll/.platformio/packages/framework-arduinorenesas-uno/variants/UNOWIFIR4/libs/libfsp.a(r_agt.o)
                0x0000000000009da4                R_AGT_Start
 .text.R_AGT_Enable
                0x0000000000009ddc       0x14 /Users/joakimmoll/.platformio/packages/framework-arduinorenesas-uno/variants/UNOWIFIR4/libs/libfsp.a(r_agt.o)
                0x0000000000009ddc                R_AGT_Enable
 .text.R_AGT_Close
                0x0000000000009df0       0x84 /Users/joakimmoll/.platformio/packages/framework-arduinorenesas-uno/variants/UNOWIFIR4/libs/libfsp.a(r_agt.o)
                0x0000000000009df0                R_AGT_Close
 .text.R_AGT_Open
                0x0000000000009e74      0x118 /Users/joakimmoll/.platformio/packages/framework-arduinorenesas-uno/variants/UNOWIFIR4/libs/libfsp.a(r_agt.o)
                0x0000000000009e74                R_AGT_Open
 .text.agt_int_isr
                0x0000000000009f8c       0x88 /Users/joakimmoll/.platformio/packages/framework-arduinorenesas-uno/variants/UNOWIFIR4/libs/libfsp.a(r_agt.o)
                0x0000000000009f8c                agt_int_isr
 .text.R_ADC_ScanStart
                0x000000000000a014        0xc /Users/joakimmoll/.platformio/packages/framework-arduinorenesas-uno/variants/UNOWIFIR4/libs/libfsp.a(r_adc.o)
                0x000000000000a014                R_ADC_ScanStart
 .text.R_ADC_StatusGet
                0x000000000000a020       0x10 /Users/joakimmoll/.platformio/packages/framework-arduinorenesas-uno/variants/UNOWIFIR4/libs/libfsp.a(r_adc.o)
                0x000000000000a020                R_ADC_StatusGet
 .text.R_ADC_Read
                0x000000000000a030       0x10 /Users/joakimmoll/.platformio/packages/framework-arduinorenesas-uno/variants/UNOWIFIR4/libs/libfsp.a(r_adc.o)
                0x000000000000a030                R_ADC_Read
 .text.R_ADC_ScanCfg
                0x000000000000a040      0x1a0 /Users/joakimmoll/.platformio/packages/framework-arduinorenesas-uno/variants/UNOWIFIR4/libs/libfsp.a(r_adc.o)
                0x000000000000a040                R_ADC_ScanCfg
 .text.R_ADC_Open
                0x000000000000a1e0      0x240 /Users/joakimmoll/.platformio/packages/framework-arduinorenesas-uno/variants/UNOWIFIR4/libs/libfsp.a(r_adc.o)
                0x000000000000a1e0                R_ADC_Open
 .text.R_ADC_Close
                0x000000000000a420       0xfc /Users/joakimmoll/.platformio/packages/framework-arduinorenesas-uno/variants/UNOWIFIR4/libs/libfsp.a(r_adc.o)
                0x000000000000a420                R_ADC_Close
 .text.bsp_prv_software_delay_loop
                0x000000000000a51c        0xc /Users/joakimmoll/.platformio/packages/framework-arduinorenesas-uno/variants/UNOWIFIR4/libs/libfsp.a(bsp_delay.o)
                0x000000000000a51c                bsp_prv_software_delay_loop
 .text.R_BSP_SoftwareDelay
                0x000000000000a528       0x5c /Users/joakimmoll/.platformio/packages/framework-arduinorenesas-uno/variants/UNOWIFIR4/libs/libfsp.a(bsp_delay.o)
                0x000000000000a528                R_BSP_SoftwareDelay
 .text.bsp_irq_cfg
                0x000000000000a584       0x2c /Users/joakimmoll/.platformio/packages/framework-arduinorenesas-uno/variants/UNOWIFIR4/libs/libfsp.a(bsp_irq.o)
                0x000000000000a584                bsp_irq_cfg
 .text.R_BSP_RegisterProtectEnable
                0x000000000000a5b0       0x60 /Users/joakimmoll/.platformio/packages/framework-arduinorenesas-uno/variants/UNOWIFIR4/libs/libfsp.a(bsp_register_protection.o)
                0x000000000000a5b0                R_BSP_RegisterProtectEnable
 .text.R_BSP_RegisterProtectDisable
                0x000000000000a610       0x54 /Users/joakimmoll/.platformio/packages/framework-arduinorenesas-uno/variants/UNOWIFIR4/libs/libfsp.a(bsp_register_protection.o)
                0x000000000000a610                R_BSP_RegisterProtectDisable
 .text.Default_Handler
                0x000000000000a664        0x4 /Users/joakimmoll/.platformio/packages/framework-arduinorenesas-uno/variants/UNOWIFIR4/libs/libfsp.a(startup.o)
                0x000000000000a664                BusFault_Handler
                0x000000000000a664                HardFault_Handler
                0x000000000000a664                SysTick_Handler
                0x000000000000a664                PendSV_Handler
                0x000000000000a664                UsageFault_Handler
                0x000000000000a664                SecureFault_Handler
                0x000000000000a664                Default_Handler
                0x000000000000a664                MemManage_Handler
                0x000000000000a664                SVC_Handler
                0x000000000000a664                DebugMon_Handler
 .text.Reset_Handler
                0x000000000000a668        0xc /Users/joakimmoll/.platformio/packages/framework-arduinorenesas-uno/variants/UNOWIFIR4/libs/libfsp.a(startup.o)
                0x000000000000a668                Reset_Handler
 .text.R_BSP_WarmStart
                0x000000000000a674        0x4 /Users/joakimmoll/.platformio/packages/framework-arduinorenesas-uno/variants/UNOWIFIR4/libs/libfsp.a(system.o)
                0x000000000000a674                R_BSP_WarmStart
 .text.SystemInit
                0x000000000000a678      0x15c /Users/joakimmoll/.platformio/packages/framework-arduinorenesas-uno/variants/UNOWIFIR4/libs/libfsp.a(system.o)
                0x000000000000a678                SystemInit
 .text.SystemCoreClockUpdate
                0x000000000000a7d4       0x28 /Users/joakimmoll/.platformio/packages/framework-arduinorenesas-uno/variants/UNOWIFIR4/libs/libfsp.a(bsp_clocks.o)
                0x000000000000a7d4                SystemCoreClockUpdate
 .text.bsp_clock_init
                0x000000000000a7fc      0x12c /Users/joakimmoll/.platformio/packages/framework-arduinorenesas-uno/variants/UNOWIFIR4/libs/libfsp.a(bsp_clocks.o)
                0x000000000000a7fc                bsp_clock_init
 .text.bsp_init_internal
                0x000000000000a928        0x4 /Users/joakimmoll/.platformio/packages/framework-arduinorenesas-uno/variants/UNOWIFIR4/libs/libfsp.a(bsp_common.o)
                0x000000000000a928                bsp_init
                0x000000000000a928                bsp_init_internal
 .text.NMI_Handler
                0x000000000000a92c       0x38 /Users/joakimmoll/.platformio/packages/framework-arduinorenesas-uno/variants/UNOWIFIR4/libs/libfsp.a(bsp_group_irq.o)
                0x000000000000a92c                NMI_Handler
 .text._ZdlPvj  0x000000000000a964        0x4 /Users/joakimmoll/.platformio/packages/toolchain-gccarmnoneeabi/bin/../lib/gcc/arm-none-eabi/7.2.1/../../../../arm-none-eabi/lib/thumb/v7e-m/fpv4-sp/hard/libstdc++_nano.a(del_ops.o)
                0x000000000000a964                operator delete(void*, unsigned int)
 .text.__cxa_guard_acquire
                0x000000000000a968       0x18 /Users/joakimmoll/.platformio/packages/toolchain-gccarmnoneeabi/bin/../lib/gcc/arm-none-eabi/7.2.1/../../../../arm-none-eabi/lib/thumb/v7e-m/fpv4-sp/hard/libstdc++_nano.a(guard.o)
                0x000000000000a968                __cxa_guard_acquire
 .text.__cxa_guard_release
                0x000000000000a980        0x6 /Users/joakimmoll/.platformio/packages/toolchain-gccarmnoneeabi/bin/../lib/gcc/arm-none-eabi/7.2.1/../../../../arm-none-eabi/lib/thumb/v7e-m/fpv4-sp/hard/libstdc++_nano.a(guard.o)
                0x000000000000a980                __cxa_guard_release
 .text._Znwj    0x000000000000a986       0x22 /Users/joakimmoll/.platformio/packages/toolchain-gccarmnoneeabi/bin/../lib/gcc/arm-none-eabi/7.2.1/../../../../arm-none-eabi/lib/thumb/v7e-m/fpv4-sp/hard/libstdc++_nano.a(new_op.o)
                0x000000000000a986                operator new(unsigned int)
 .text._ZdlPv   0x000000000000a9a8        0x4 /Users/joakimmoll/.platformio/packages/toolchain-gccarmnoneeabi/bin/../lib/gcc/arm-none-eabi/7.2.1/../../../../arm-none-eabi/lib/thumb/v7e-m/fpv4-sp/hard/libstdc++_nano.a(del_op.o)
                0x000000000000a9a8                operator delete(void*)
 .text._ZSt15get_new_handlerv
                0x000000000000a9ac       0x10 /Users/joakimmoll/.platformio/packages/toolchain-gccarmnoneeabi/bin/../lib/gcc/arm-none-eabi/7.2.1/../../../../arm-none-eabi/lib/thumb/v7e-m/fpv4-sp/hard/libstdc++_nano.a(new_handler.o)
                0x000000000000a9ac                std::get_new_handler()
 .text          0x000000000000a9bc      0x378 /Users/joakimmoll/.platformio/packages/toolchain-gccarmnoneeabi/bin/../lib/gcc/arm-none-eabi/7.2.1/thumb/v7e-m/fpv4-sp/hard/libgcc.a(_arm_addsubdf3.o)
                0x000000000000a9bc                __aeabi_drsub
                0x000000000000a9c4                __subdf3
                0x000000000000a9c4                __aeabi_dsub
                0x000000000000a9c8                __aeabi_dadd
                0x000000000000a9c8                __adddf3
                0x000000000000ac40                __aeabi_ui2d
                0x000000000000ac40                __floatunsidf
                0x000000000000ac60                __floatsidf
                0x000000000000ac60                __aeabi_i2d
                0x000000000000ac84                __extendsfdf2
                0x000000000000ac84                __aeabi_f2d
                0x000000000000acc8                __aeabi_ul2d
                0x000000000000acc8                __floatundidf
                0x000000000000acd8                __aeabi_l2d
                0x000000000000acd8                __floatdidf
 .text          0x000000000000ad34      0x424 /Users/joakimmoll/.platformio/packages/toolchain-gccarmnoneeabi/bin/../lib/gcc/arm-none-eabi/7.2.1/thumb/v7e-m/fpv4-sp/hard/libgcc.a(_arm_muldivdf3.o)
                0x000000000000ad34                __aeabi_dmul
                0x000000000000ad34                __muldf3
                0x000000000000af88                __aeabi_ddiv
                0x000000000000af88                __divdf3
 .text          0x000000000000b158       0xa0 /Users/joakimmoll/.platformio/packages/toolchain-gccarmnoneeabi/bin/../lib/gcc/arm-none-eabi/7.2.1/thumb/v7e-m/fpv4-sp/hard/libgcc.a(_arm_truncdfsf2.o)
                0x000000000000b158                __aeabi_d2f
                0x000000000000b158                __truncdfsf2
 .text          0x000000000000b1f8       0xa0 /Users/joakimmoll/.platformio/packages/toolchain-gccarmnoneeabi/bin/../lib/gcc/arm-none-eabi/7.2.1/thumb/v7e-m/fpv4-sp/hard/libgcc.a(_aeabi_ldivmod.o)
                0x000000000000b1f8                __aeabi_ldivmod
 .text          0x000000000000b298      0x2cc /Users/joakimmoll/.platformio/packages/toolchain-gccarmnoneeabi/bin/../lib/gcc/arm-none-eabi/7.2.1/thumb/v7e-m/fpv4-sp/hard/libgcc.a(_udivmoddi4.o)
                0x000000000000b298                __udivmoddi4
 .text          0x000000000000b564        0x4 /Users/joakimmoll/.platformio/packages/toolchain-gccarmnoneeabi/bin/../lib/gcc/arm-none-eabi/7.2.1/thumb/v7e-m/fpv4-sp/hard/libgcc.a(_dvmd_tls.o)
                0x000000000000b564                __aeabi_ldiv0
                0x000000000000b564                __aeabi_idiv0
 .text.R_BSP_IrqDisable
                0x000000000000b568       0x24 .pio/build/uno_r4_wifi/libaca/libWire.a(Wire.cpp.o)
 .text._ZN7TwoWire21WireSCIMasterCallbackEP27st_i2c_master_callback_args
                0x000000000000b58c       0x38 .pio/build/uno_r4_wifi/libaca/libWire.a(Wire.cpp.o)
                0x000000000000b58c                TwoWire::WireSCIMasterCallback(st_i2c_master_callback_args*)
 .text._ZN7TwoWire18WireMasterCallbackEP27st_i2c_master_callback_args
                0x000000000000b5c4       0x38 .pio/build/uno_r4_wifi/libaca/libWire.a(Wire.cpp.o)
                0x000000000000b5c4                TwoWire::WireMasterCallback(st_i2c_master_callback_args*)
 .text._ZN7TwoWire15endTransmissionEv
                0x000000000000b5fc        0x8 .pio/build/uno_r4_wifi/libaca/libWire.a(Wire.cpp.o)
                0x000000000000b5fc                TwoWire::endTransmission()
 .text._ZN7TwoWire11requestFromEhj
                0x000000000000b604       0x10 .pio/build/uno_r4_wifi/libaca/libWire.a(Wire.cpp.o)
                0x000000000000b604                TwoWire::requestFrom(unsigned char, unsigned int)
 .text._ZN7TwoWire5writeEh
                0x000000000000b614       0x54 .pio/build/uno_r4_wifi/libaca/libWire.a(Wire.cpp.o)
                0x000000000000b614                TwoWire::write(unsigned char)
 .text._ZN7TwoWire9onReceiveEPFviE
                0x000000000000b668        0x6 .pio/build/uno_r4_wifi/libaca/libWire.a(Wire.cpp.o)
                0x000000000000b668                TwoWire::onReceive(void (*)(int))
 .text._ZN7TwoWire9onRequestEPFvvE
                0x000000000000b66e        0x6 .pio/build/uno_r4_wifi/libaca/libWire.a(Wire.cpp.o)
                0x000000000000b66e                TwoWire::onRequest(void (*)())
 .text._ZN7TwoWire9availableEv
                0x000000000000b674        0xc .pio/build/uno_r4_wifi/libaca/libWire.a(Wire.cpp.o)
                0x000000000000b674                TwoWire::available()
 .text._ZN7TwoWire4readEv
                0x000000000000b680       0x22 .pio/build/uno_r4_wifi/libaca/libWire.a(Wire.cpp.o)
                0x000000000000b680                TwoWire::read()
 .text._ZN7TwoWire4peekEv
                0x000000000000b6a2       0x18 .pio/build/uno_r4_wifi/libaca/libWire.a(Wire.cpp.o)
                0x000000000000b6a2                TwoWire::peek()
 .text._ZN7TwoWire5flushEv
                0x000000000000b6ba       0x12 .pio/build/uno_r4_wifi/libaca/libWire.a(Wire.cpp.o)
                0x000000000000b6ba                TwoWire::flush()
 .text._ZN7TwoWire3endEv
                0x000000000000b6cc       0x98 .pio/build/uno_r4_wifi/libaca/libWire.a(Wire.cpp.o)
                0x000000000000b6cc                TwoWire::end()
 .text._ZN7TwoWire5writeEPKhj
                0x000000000000b764       0x36 .pio/build/uno_r4_wifi/libaca/libWire.a(Wire.cpp.o)
                0x000000000000b764                TwoWire::write(unsigned char const*, unsigned int)
 *fill*         0x000000000000b79a        0x2 ff
 .text._ZN7TwoWire8setClockEm
                0x000000000000b79c       0xd8 .pio/build/uno_r4_wifi/libaca/libWire.a(Wire.cpp.o)
                0x000000000000b79c                TwoWire::setClock(unsigned long)
 .text._ZN7TwoWire10slave_readEm
                0x000000000000b874       0x28 .pio/build/uno_r4_wifi/libaca/libWire.a(Wire.cpp.o)
                0x000000000000b874                TwoWire::slave_read(unsigned long)
 .text._ZN7TwoWire17WireSlaveCallbackEP26st_i2c_slave_callback_args
                0x000000000000b89c      0x104 .pio/build/uno_r4_wifi/libaca/libWire.a(Wire.cpp.o)
                0x000000000000b89c                TwoWire::WireSlaveCallback(st_i2c_slave_callback_args*)
 .text._ZN7TwoWireC2Eii17WireAddressMode_tb
                0x000000000000b9a0       0x98 .pio/build/uno_r4_wifi/libaca/libWire.a(Wire.cpp.o)
                0x000000000000b9a0                TwoWire::TwoWire(int, int, WireAddressMode_t, bool)
                0x000000000000b9a0                TwoWire::TwoWire(int, int, WireAddressMode_t, bool)
 .text._ZN7TwoWire8cfg_pinsEi
                0x000000000000ba38       0xf4 .pio/build/uno_r4_wifi/libaca/libWire.a(Wire.cpp.o)
                0x000000000000ba38                TwoWire::cfg_pins(int)
 .text._ZN7TwoWire6_beginEv
                0x000000000000bb2c      0x244 .pio/build/uno_r4_wifi/libaca/libWire.a(Wire.cpp.o)
                0x000000000000bb2c                TwoWire::_begin()
 .text._ZN7TwoWire5beginEv
                0x000000000000bd70       0x18 .pio/build/uno_r4_wifi/libaca/libWire.a(Wire.cpp.o)
                0x000000000000bd70                TwoWire::begin()
 .text._ZN7TwoWire5beginEt
                0x000000000000bd88       0x1e .pio/build/uno_r4_wifi/libaca/libWire.a(Wire.cpp.o)
                0x000000000000bd88                TwoWire::begin(unsigned short)
 .text._ZN7TwoWire5beginEh
                0x000000000000bda6        0x4 .pio/build/uno_r4_wifi/libaca/libWire.a(Wire.cpp.o)
                0x000000000000bda6                TwoWire::begin(unsigned char)
 .text._ZN7TwoWire9read_fromEhPhhjb
                0x000000000000bdaa       0x72 .pio/build/uno_r4_wifi/libaca/libWire.a(Wire.cpp.o)
                0x000000000000bdaa                TwoWire::read_from(unsigned char, unsigned char*, unsigned char, unsigned int, bool)
 .text._ZN7TwoWire8write_toEhPhhjb
                0x000000000000be1c       0x92 .pio/build/uno_r4_wifi/libaca/libWire.a(Wire.cpp.o)
                0x000000000000be1c                TwoWire::write_to(unsigned char, unsigned char*, unsigned char, unsigned int, bool)
 .text._ZN7TwoWire15endTransmissionEb
                0x000000000000beae       0x26 .pio/build/uno_r4_wifi/libaca/libWire.a(Wire.cpp.o)
                0x000000000000beae                TwoWire::endTransmission(bool)
 .text._ZN7TwoWire17beginTransmissionEm
                0x000000000000bed4       0x1a .pio/build/uno_r4_wifi/libaca/libWire.a(Wire.cpp.o)
                0x000000000000bed4                TwoWire::beginTransmission(unsigned long)
 .text._ZN7TwoWire17beginTransmissionEh
                0x000000000000beee        0x4 .pio/build/uno_r4_wifi/libaca/libWire.a(Wire.cpp.o)
                0x000000000000beee                TwoWire::beginTransmission(unsigned char)
 .text._ZN7TwoWire11requestFromEhjmhh
                0x000000000000bef2       0x7e .pio/build/uno_r4_wifi/libaca/libWire.a(Wire.cpp.o)
                0x000000000000bef2                TwoWire::requestFrom(unsigned char, unsigned int, unsigned long, unsigned char, unsigned char)
 .text._ZN7TwoWire11requestFromEhjb
                0x000000000000bf70       0x12 .pio/build/uno_r4_wifi/libaca/libWire.a(Wire.cpp.o)
                0x000000000000bf70                TwoWire::requestFrom(unsigned char, unsigned int, bool)
 *fill*         0x000000000000bf82        0x2 ff
 .text.startup._GLOBAL__sub_I__ZN7TwoWire10g_SCIWiresE
                0x000000000000bf84       0x2c .pio/build/uno_r4_wifi/libaca/libWire.a(Wire.cpp.o)
 .text.PINCOUNT_fn
                0x000000000000bfb0        0x4 .pio/build/uno_r4_wifi/libFrameworkArduinoVariant.a(variant.cpp.o)
                0x000000000000bfb0                PINCOUNT_fn
 .text._Z17__maybe_start_usbv
                0x000000000000bfb4        0x2 .pio/build/uno_r4_wifi/libFrameworkArduinoVariant.a(variant.cpp.o)
                0x000000000000bfb4                __maybe_start_usb()
 *fill*         0x000000000000bfb6        0x2 ff
 .text.initVariant
                0x000000000000bfb8       0x9c .pio/build/uno_r4_wifi/libFrameworkArduinoVariant.a(variant.cpp.o)
                0x000000000000bfb8                initVariant
 .text.abort    0x000000000000c054        0xe /Users/joakimmoll/.platformio/packages/toolchain-gccarmnoneeabi/bin/../lib/gcc/arm-none-eabi/7.2.1/../../../../arm-none-eabi/lib/thumb/v7e-m/fpv4-sp/hard/libc_nano.a(lib_a-abort.o)
                0x000000000000c054                abort
 *fill*         0x000000000000c062        0x2 ff
 .text.malloc   0x000000000000c064       0x10 /Users/joakimmoll/.platformio/packages/toolchain-gccarmnoneeabi/bin/../lib/gcc/arm-none-eabi/7.2.1/../../../../arm-none-eabi/lib/thumb/v7e-m/fpv4-sp/hard/libc_nano.a(lib_a-malloc.o)
                0x000000000000c064                malloc
 .text.free     0x000000000000c074       0x10 /Users/joakimmoll/.platformio/packages/toolchain-gccarmnoneeabi/bin/../lib/gcc/arm-none-eabi/7.2.1/../../../../arm-none-eabi/lib/thumb/v7e-m/fpv4-sp/hard/libc_nano.a(lib_a-malloc.o)
                0x000000000000c074                free
 .text.memcpy   0x000000000000c084       0x16 /Users/joakimmoll/.platformio/packages/toolchain-gccarmnoneeabi/bin/../lib/gcc/arm-none-eabi/7.2.1/../../../../arm-none-eabi/lib/thumb/v7e-m/fpv4-sp/hard/libc_nano.a(lib_a-memcpy-stub.o)
                0x000000000000c084                memcpy
 .text.memset   0x000000000000c09a       0x10 /Users/joakimmoll/.platformio/packages/toolchain-gccarmnoneeabi/bin/../lib/gcc/arm-none-eabi/7.2.1/../../../../arm-none-eabi/lib/thumb/v7e-m/fpv4-sp/hard/libc_nano.a(lib_a-memset.o)
                0x000000000000c09a                memset
 *fill*         0x000000000000c0aa        0x2 ff
 .text._free_r  0x000000000000c0ac       0x9c /Users/joakimmoll/.platformio/packages/toolchain-gccarmnoneeabi/bin/../lib/gcc/arm-none-eabi/7.2.1/../../../../arm-none-eabi/lib/thumb/v7e-m/fpv4-sp/hard/libc_nano.a(lib_a-nano-freer.o)
                0x000000000000c0ac                _free_r
 .text._malloc_r
                0x000000000000c148       0xb4 /Users/joakimmoll/.platformio/packages/toolchain-gccarmnoneeabi/bin/../lib/gcc/arm-none-eabi/7.2.1/../../../../arm-none-eabi/lib/thumb/v7e-m/fpv4-sp/hard/libc_nano.a(lib_a-nano-mallocr.o)
                0x000000000000c148                _malloc_r
 .text.printf   0x000000000000c1fc       0x30 /Users/joakimmoll/.platformio/packages/toolchain-gccarmnoneeabi/bin/../lib/gcc/arm-none-eabi/7.2.1/../../../../arm-none-eabi/lib/thumb/v7e-m/fpv4-sp/hard/libc_nano.a(lib_a-printf.o)
                0x000000000000c1fc                printf
                0x000000000000c1fc                iprintf
 .text._sbrk_r  0x000000000000c22c       0x20 /Users/joakimmoll/.platformio/packages/toolchain-gccarmnoneeabi/bin/../lib/gcc/arm-none-eabi/7.2.1/../../../../arm-none-eabi/lib/thumb/v7e-m/fpv4-sp/hard/libc_nano.a(lib_a-sbrkr.o)
                0x000000000000c22c                _sbrk_r
 .text._raise_r
                0x000000000000c24c       0x50 /Users/joakimmoll/.platformio/packages/toolchain-gccarmnoneeabi/bin/../lib/gcc/arm-none-eabi/7.2.1/../../../../arm-none-eabi/lib/thumb/v7e-m/fpv4-sp/hard/libc_nano.a(lib_a-signal.o)
                0x000000000000c24c                _raise_r
 .text.raise    0x000000000000c29c       0x10 /Users/joakimmoll/.platformio/packages/toolchain-gccarmnoneeabi/bin/../lib/gcc/arm-none-eabi/7.2.1/../../../../arm-none-eabi/lib/thumb/v7e-m/fpv4-sp/hard/libc_nano.a(lib_a-signal.o)
                0x000000000000c29c                raise
 .text._kill_r  0x000000000000c2ac       0x24 /Users/joakimmoll/.platformio/packages/toolchain-gccarmnoneeabi/bin/../lib/gcc/arm-none-eabi/7.2.1/../../../../arm-none-eabi/lib/thumb/v7e-m/fpv4-sp/hard/libc_nano.a(lib_a-signalr.o)
                0x000000000000c2ac                _kill_r
 .text._getpid_r
                0x000000000000c2d0        0x4 /Users/joakimmoll/.platformio/packages/toolchain-gccarmnoneeabi/bin/../lib/gcc/arm-none-eabi/7.2.1/../../../../arm-none-eabi/lib/thumb/v7e-m/fpv4-sp/hard/libc_nano.a(lib_a-signalr.o)
                0x000000000000c2d0                _getpid_r
 .text.sprintf  0x000000000000c2d4       0x40 /Users/joakimmoll/.platformio/packages/toolchain-gccarmnoneeabi/bin/../lib/gcc/arm-none-eabi/7.2.1/../../../../arm-none-eabi/lib/thumb/v7e-m/fpv4-sp/hard/libc_nano.a(lib_a-sprintf.o)
                0x000000000000c2d4                sprintf
                0x000000000000c2d4                siprintf
 .text          0x000000000000c314       0x10 /Users/joakimmoll/.platformio/packages/toolchain-gccarmnoneeabi/bin/../lib/gcc/arm-none-eabi/7.2.1/../../../../arm-none-eabi/lib/thumb/v7e-m/fpv4-sp/hard/libc_nano.a(lib_a-strlen.o)
                0x000000000000c314                strlen
 .text.std      0x000000000000c324       0x48 /Users/joakimmoll/.platformio/packages/toolchain-gccarmnoneeabi/bin/../lib/gcc/arm-none-eabi/7.2.1/../../../../arm-none-eabi/lib/thumb/v7e-m/fpv4-sp/hard/libc_nano.a(lib_a-findfp.o)
 .text._cleanup_r
                0x000000000000c36c        0xc /Users/joakimmoll/.platformio/packages/toolchain-gccarmnoneeabi/bin/../lib/gcc/arm-none-eabi/7.2.1/../../../../arm-none-eabi/lib/thumb/v7e-m/fpv4-sp/hard/libc_nano.a(lib_a-findfp.o)
                0x000000000000c36c                _cleanup_r
 .text.__sfmoreglue
                0x000000000000c378       0x2c /Users/joakimmoll/.platformio/packages/toolchain-gccarmnoneeabi/bin/../lib/gcc/arm-none-eabi/7.2.1/../../../../arm-none-eabi/lib/thumb/v7e-m/fpv4-sp/hard/libc_nano.a(lib_a-findfp.o)
                0x000000000000c378                __sfmoreglue
 .text.__sinit  0x000000000000c3a4       0x60 /Users/joakimmoll/.platformio/packages/toolchain-gccarmnoneeabi/bin/../lib/gcc/arm-none-eabi/7.2.1/../../../../arm-none-eabi/lib/thumb/v7e-m/fpv4-sp/hard/libc_nano.a(lib_a-findfp.o)
                0x000000000000c3a4                __sinit
 .text.__sfp    0x000000000000c404       0x78 /Users/joakimmoll/.platformio/packages/toolchain-gccarmnoneeabi/bin/../lib/gcc/arm-none-eabi/7.2.1/../../../../arm-none-eabi/lib/thumb/v7e-m/fpv4-sp/hard/libc_nano.a(lib_a-findfp.o)
                0x000000000000c404                __sfp
 .text._fwalk_reent
                0x000000000000c47c       0x3c /Users/joakimmoll/.platformio/packages/toolchain-gccarmnoneeabi/bin/../lib/gcc/arm-none-eabi/7.2.1/../../../../arm-none-eabi/lib/thumb/v7e-m/fpv4-sp/hard/libc_nano.a(lib_a-fwalk.o)
                0x000000000000c47c                _fwalk_reent
 .text.__malloc_lock
                0x000000000000c4b8        0x2 /Users/joakimmoll/.platformio/packages/toolchain-gccarmnoneeabi/bin/../lib/gcc/arm-none-eabi/7.2.1/../../../../arm-none-eabi/lib/thumb/v7e-m/fpv4-sp/hard/libc_nano.a(lib_a-mlock.o)
                0x000000000000c4b8                __malloc_lock
 .text.__malloc_unlock
                0x000000000000c4ba        0x2 /Users/joakimmoll/.platformio/packages/toolchain-gccarmnoneeabi/bin/../lib/gcc/arm-none-eabi/7.2.1/../../../../arm-none-eabi/lib/thumb/v7e-m/fpv4-sp/hard/libc_nano.a(lib_a-mlock.o)
                0x000000000000c4ba                __malloc_unlock
 .text.__ssputs_r
                0x000000000000c4bc       0xb4 /Users/joakimmoll/.platformio/packages/toolchain-gccarmnoneeabi/bin/../lib/gcc/arm-none-eabi/7.2.1/../../../../arm-none-eabi/lib/thumb/v7e-m/fpv4-sp/hard/libc_nano.a(lib_a-nano-svfprintf.o)
                0x000000000000c4bc                __ssputs_r
 .text._svfprintf_r
                0x000000000000c570      0x1ec /Users/joakimmoll/.platformio/packages/toolchain-gccarmnoneeabi/bin/../lib/gcc/arm-none-eabi/7.2.1/../../../../arm-none-eabi/lib/thumb/v7e-m/fpv4-sp/hard/libc_nano.a(lib_a-nano-svfprintf.o)
                0x000000000000c570                _svfprintf_r
                0x000000000000c570                _svfiprintf_r
 .text.__sfputc_r
                0x000000000000c75c       0x2e /Users/joakimmoll/.platformio/packages/toolchain-gccarmnoneeabi/bin/../lib/gcc/arm-none-eabi/7.2.1/../../../../arm-none-eabi/lib/thumb/v7e-m/fpv4-sp/hard/libc_nano.a(lib_a-nano-vfprintf.o)
 .text.__sfputs_r
                0x000000000000c78a       0x24 /Users/joakimmoll/.platformio/packages/toolchain-gccarmnoneeabi/bin/../lib/gcc/arm-none-eabi/7.2.1/../../../../arm-none-eabi/lib/thumb/v7e-m/fpv4-sp/hard/libc_nano.a(lib_a-nano-vfprintf.o)
                0x000000000000c78a                __sfputs_r
 *fill*         0x000000000000c7ae        0x2 ff
 .text._vfprintf_r
                0x000000000000c7b0      0x228 /Users/joakimmoll/.platformio/packages/toolchain-gccarmnoneeabi/bin/../lib/gcc/arm-none-eabi/7.2.1/../../../../arm-none-eabi/lib/thumb/v7e-m/fpv4-sp/hard/libc_nano.a(lib_a-nano-vfprintf.o)
                0x000000000000c7b0                _vfiprintf_r
                0x000000000000c7b0                _vfprintf_r
 .text._printf_common
                0x000000000000c9d8       0xea /Users/joakimmoll/.platformio/packages/toolchain-gccarmnoneeabi/bin/../lib/gcc/arm-none-eabi/7.2.1/../../../../arm-none-eabi/lib/thumb/v7e-m/fpv4-sp/hard/libc_nano.a(lib_a-nano-vfprintf_i.o)
                0x000000000000c9d8                _printf_common
 *fill*         0x000000000000cac2        0x2 ff
 .text._printf_i
                0x000000000000cac4      0x224 /Users/joakimmoll/.platformio/packages/toolchain-gccarmnoneeabi/bin/../lib/gcc/arm-none-eabi/7.2.1/../../../../arm-none-eabi/lib/thumb/v7e-m/fpv4-sp/hard/libc_nano.a(lib_a-nano-vfprintf_i.o)
                0x000000000000cac4                _printf_i
 .text.__sread  0x000000000000cce8       0x22 /Users/joakimmoll/.platformio/packages/toolchain-gccarmnoneeabi/bin/../lib/gcc/arm-none-eabi/7.2.1/../../../../arm-none-eabi/lib/thumb/v7e-m/fpv4-sp/hard/libc_nano.a(lib_a-stdio.o)
                0x000000000000cce8                __sread
 .text.__swrite
                0x000000000000cd0a       0x38 /Users/joakimmoll/.platformio/packages/toolchain-gccarmnoneeabi/bin/../lib/gcc/arm-none-eabi/7.2.1/../../../../arm-none-eabi/lib/thumb/v7e-m/fpv4-sp/hard/libc_nano.a(lib_a-stdio.o)
                0x000000000000cd0a                __swrite
 .text.__sseek  0x000000000000cd42       0x24 /Users/joakimmoll/.platformio/packages/toolchain-gccarmnoneeabi/bin/../lib/gcc/arm-none-eabi/7.2.1/../../../../arm-none-eabi/lib/thumb/v7e-m/fpv4-sp/hard/libc_nano.a(lib_a-stdio.o)
                0x000000000000cd42                __sseek
 .text.__sclose
                0x000000000000cd66        0x8 /Users/joakimmoll/.platformio/packages/toolchain-gccarmnoneeabi/bin/../lib/gcc/arm-none-eabi/7.2.1/../../../../arm-none-eabi/lib/thumb/v7e-m/fpv4-sp/hard/libc_nano.a(lib_a-stdio.o)
                0x000000000000cd66                __sclose
 *fill*         0x000000000000cd6e        0x2 ff
 .text.__swbuf_r
                0x000000000000cd70       0xa4 /Users/joakimmoll/.platformio/packages/toolchain-gccarmnoneeabi/bin/../lib/gcc/arm-none-eabi/7.2.1/../../../../arm-none-eabi/lib/thumb/v7e-m/fpv4-sp/hard/libc_nano.a(lib_a-wbuf.o)
                0x000000000000cd70                __swbuf_r
 .text._write_r
                0x000000000000ce14       0x24 /Users/joakimmoll/.platformio/packages/toolchain-gccarmnoneeabi/bin/../lib/gcc/arm-none-eabi/7.2.1/../../../../arm-none-eabi/lib/thumb/v7e-m/fpv4-sp/hard/libc_nano.a(lib_a-writer.o)
                0x000000000000ce14                _write_r
 .text.__swsetup_r
                0x000000000000ce38       0xdc /Users/joakimmoll/.platformio/packages/toolchain-gccarmnoneeabi/bin/../lib/gcc/arm-none-eabi/7.2.1/../../../../arm-none-eabi/lib/thumb/v7e-m/fpv4-sp/hard/libc_nano.a(lib_a-wsetup.o)
                0x000000000000ce38                __swsetup_r
 .text._close_r
                0x000000000000cf14       0x20 /Users/joakimmoll/.platformio/packages/toolchain-gccarmnoneeabi/bin/../lib/gcc/arm-none-eabi/7.2.1/../../../../arm-none-eabi/lib/thumb/v7e-m/fpv4-sp/hard/libc_nano.a(lib_a-closer.o)
                0x000000000000cf14                _close_r
 .text.__sflush_r
                0x000000000000cf34      0x10c /Users/joakimmoll/.platformio/packages/toolchain-gccarmnoneeabi/bin/../lib/gcc/arm-none-eabi/7.2.1/../../../../arm-none-eabi/lib/thumb/v7e-m/fpv4-sp/hard/libc_nano.a(lib_a-fflush.o)
                0x000000000000cf34                __sflush_r
 .text._fflush_r
                0x000000000000d040       0x54 /Users/joakimmoll/.platformio/packages/toolchain-gccarmnoneeabi/bin/../lib/gcc/arm-none-eabi/7.2.1/../../../../arm-none-eabi/lib/thumb/v7e-m/fpv4-sp/hard/libc_nano.a(lib_a-fflush.o)
                0x000000000000d040                _fflush_r
 .text._lseek_r
                0x000000000000d094       0x24 /Users/joakimmoll/.platformio/packages/toolchain-gccarmnoneeabi/bin/../lib/gcc/arm-none-eabi/7.2.1/../../../../arm-none-eabi/lib/thumb/v7e-m/fpv4-sp/hard/libc_nano.a(lib_a-lseekr.o)
                0x000000000000d094                _lseek_r
 .text.__swhatbuf_r
                0x000000000000d0b8       0x48 /Users/joakimmoll/.platformio/packages/toolchain-gccarmnoneeabi/bin/../lib/gcc/arm-none-eabi/7.2.1/../../../../arm-none-eabi/lib/thumb/v7e-m/fpv4-sp/hard/libc_nano.a(lib_a-makebuf.o)
                0x000000000000d0b8                __swhatbuf_r
 .text.__smakebuf_r
                0x000000000000d100       0x80 /Users/joakimmoll/.platformio/packages/toolchain-gccarmnoneeabi/bin/../lib/gcc/arm-none-eabi/7.2.1/../../../../arm-none-eabi/lib/thumb/v7e-m/fpv4-sp/hard/libc_nano.a(lib_a-makebuf.o)
                0x000000000000d100                __smakebuf_r
 .text          0x000000000000d180       0xa0 /Users/joakimmoll/.platformio/packages/toolchain-gccarmnoneeabi/bin/../lib/gcc/arm-none-eabi/7.2.1/../../../../arm-none-eabi/lib/thumb/v7e-m/fpv4-sp/hard/libc_nano.a(lib_a-memchr.o)
                0x000000000000d180                memchr
 .text.memmove  0x000000000000d220       0x32 /Users/joakimmoll/.platformio/packages/toolchain-gccarmnoneeabi/bin/../lib/gcc/arm-none-eabi/7.2.1/../../../../arm-none-eabi/lib/thumb/v7e-m/fpv4-sp/hard/libc_nano.a(lib_a-memmove.o)
                0x000000000000d220                memmove
 .text._realloc_r
                0x000000000000d252       0x4c /Users/joakimmoll/.platformio/packages/toolchain-gccarmnoneeabi/bin/../lib/gcc/arm-none-eabi/7.2.1/../../../../arm-none-eabi/lib/thumb/v7e-m/fpv4-sp/hard/libc_nano.a(lib_a-nano-reallocr.o)
                0x000000000000d252                _realloc_r
 *fill*         0x000000000000d29e        0x2 ff
 .text._read_r  0x000000000000d2a0       0x24 /Users/joakimmoll/.platformio/packages/toolchain-gccarmnoneeabi/bin/../lib/gcc/arm-none-eabi/7.2.1/../../../../arm-none-eabi/lib/thumb/v7e-m/fpv4-sp/hard/libc_nano.a(lib_a-readr.o)
                0x000000000000d2a0                _read_r
 .text._fstat_r
                0x000000000000d2c4       0x24 /Users/joakimmoll/.platformio/packages/toolchain-gccarmnoneeabi/bin/../lib/gcc/arm-none-eabi/7.2.1/../../../../arm-none-eabi/lib/thumb/v7e-m/fpv4-sp/hard/libc_nano.a(lib_a-fstatr.o)
                0x000000000000d2c4                _fstat_r
 .text._isatty_r
                0x000000000000d2e8       0x20 /Users/joakimmoll/.platformio/packages/toolchain-gccarmnoneeabi/bin/../lib/gcc/arm-none-eabi/7.2.1/../../../../arm-none-eabi/lib/thumb/v7e-m/fpv4-sp/hard/libc_nano.a(lib_a-isattyr.o)
                0x000000000000d2e8                _isatty_r
 .text._malloc_usable_size_r
                0x000000000000d308       0x10 /Users/joakimmoll/.platformio/packages/toolchain-gccarmnoneeabi/bin/../lib/gcc/arm-none-eabi/7.2.1/../../../../arm-none-eabi/lib/thumb/v7e-m/fpv4-sp/hard/libc_nano.a(lib_a-nano-msizer.o)
                0x000000000000d308                _malloc_usable_size_r
 .text._close   0x000000000000d318       0x10 /Users/joakimmoll/.platformio/packages/toolchain-gccarmnoneeabi/bin/../lib/gcc/arm-none-eabi/7.2.1/../../../../arm-none-eabi/lib/thumb/v7e-m/fpv4-sp/hard/libnosys.a(close.o)
                0x000000000000d318                _close
 .text._fstat   0x000000000000d328       0x10 /Users/joakimmoll/.platformio/packages/toolchain-gccarmnoneeabi/bin/../lib/gcc/arm-none-eabi/7.2.1/../../../../arm-none-eabi/lib/thumb/v7e-m/fpv4-sp/hard/libnosys.a(fstat.o)
                0x000000000000d328                _fstat
 .text._getpid  0x000000000000d338       0x10 /Users/joakimmoll/.platformio/packages/toolchain-gccarmnoneeabi/bin/../lib/gcc/arm-none-eabi/7.2.1/../../../../arm-none-eabi/lib/thumb/v7e-m/fpv4-sp/hard/libnosys.a(getpid.o)
                0x000000000000d338                _getpid
 .text._isatty  0x000000000000d348       0x10 /Users/joakimmoll/.platformio/packages/toolchain-gccarmnoneeabi/bin/../lib/gcc/arm-none-eabi/7.2.1/../../../../arm-none-eabi/lib/thumb/v7e-m/fpv4-sp/hard/libnosys.a(isatty.o)
                0x000000000000d348                _isatty
 .text._kill    0x000000000000d358       0x10 /Users/joakimmoll/.platformio/packages/toolchain-gccarmnoneeabi/bin/../lib/gcc/arm-none-eabi/7.2.1/../../../../arm-none-eabi/lib/thumb/v7e-m/fpv4-sp/hard/libnosys.a(kill.o)
                0x000000000000d358                _kill
 .text._lseek   0x000000000000d368       0x10 /Users/joakimmoll/.platformio/packages/toolchain-gccarmnoneeabi/bin/../lib/gcc/arm-none-eabi/7.2.1/../../../../arm-none-eabi/lib/thumb/v7e-m/fpv4-sp/hard/libnosys.a(lseek.o)
                0x000000000000d368                _lseek
 .text._read    0x000000000000d378       0x10 /Users/joakimmoll/.platformio/packages/toolchain-gccarmnoneeabi/bin/../lib/gcc/arm-none-eabi/7.2.1/../../../../arm-none-eabi/lib/thumb/v7e-m/fpv4-sp/hard/libnosys.a(read.o)
                0x000000000000d378                _read
 .text._sbrk    0x000000000000d388       0x1c /Users/joakimmoll/.platformio/packages/toolchain-gccarmnoneeabi/bin/../lib/gcc/arm-none-eabi/7.2.1/../../../../arm-none-eabi/lib/thumb/v7e-m/fpv4-sp/hard/libnosys.a(sbrk.o)
                0x000000000000d388                _sbrk
 .text._exit    0x000000000000d3a4        0x4 /Users/joakimmoll/.platformio/packages/toolchain-gccarmnoneeabi/bin/../lib/gcc/arm-none-eabi/7.2.1/../../../../arm-none-eabi/lib/thumb/v7e-m/fpv4-sp/hard/libnosys.a(_exit.o)
                0x000000000000d3a4                _exit
 *(.version)
 .version       0x000000000000d3a8       0x50 /Users/joakimmoll/.platformio/packages/framework-arduinorenesas-uno/variants/UNOWIFIR4/libs/libfsp.a(bsp_common.o)
 *(.init)
 .init          0x000000000000d3f8        0x4 /Users/joakimmoll/.platformio/packages/toolchain-gccarmnoneeabi/bin/../lib/gcc/arm-none-eabi/7.2.1/thumb/v7e-m/fpv4-sp/hard/crti.o
                0x000000000000d3f8                _init
 .init          0x000000000000d3fc        0x8 /Users/joakimmoll/.platformio/packages/toolchain-gccarmnoneeabi/bin/../lib/gcc/arm-none-eabi/7.2.1/thumb/v7e-m/fpv4-sp/hard/crtn.o
 *(.fini)
 .fini          0x000000000000d404        0x4 /Users/joakimmoll/.platformio/packages/toolchain-gccarmnoneeabi/bin/../lib/gcc/arm-none-eabi/7.2.1/thumb/v7e-m/fpv4-sp/hard/crti.o
                0x000000000000d404                _fini
 .fini          0x000000000000d408        0x8 /Users/joakimmoll/.platformio/packages/toolchain-gccarmnoneeabi/bin/../lib/gcc/arm-none-eabi/7.2.1/thumb/v7e-m/fpv4-sp/hard/crtn.o
 *crtbegin.o(.ctors)
 *crtbegin?.o(.ctors)
 *(EXCLUDE_FILE(*crtend.o *crtend?.o) .ctors)
 *(SORT_BY_NAME(.ctors.*))
 *(.ctors)
 *crtbegin.o(.dtors)
 *crtbegin?.o(.dtors)
 *(EXCLUDE_FILE(*crtend.o *crtend?.o) .dtors)
 *(SORT_BY_NAME(.dtors.*))
 *(.dtors)
 *(.rodata*)
 .rodata.setup.str1.1
                0x000000000000d410        0x8 .pio/build/uno_r4_wifi/src/main.cpp.o
 .rodata._ZTV17LiquidCrystal_I2C
                0x000000000000d418       0x18 .pio/build/uno_r4_wifi/libb6c/libLiquidCrystal_I2C.a(LiquidCrystal_I2C.cpp.o)
                0x000000000000d418                vtable for LiquidCrystal_I2C
 .rodata        0x000000000000d430       0x10 .pio/build/uno_r4_wifi/libb6c/libLiquidCrystal_I2C.a(LiquidCrystal_I2C.cpp.o)
 .rodata        0x000000000000d440        0xd .pio/build/uno_r4_wifi/libFrameworkArduino.a(main.cpp.o)
 .rodata._Z12arduino_mainv.str1.1
                0x000000000000d44d       0x10 .pio/build/uno_r4_wifi/libFrameworkArduino.a(main.cpp.o)
 .rodata.g_interrupt_event_link_select
                0x000000000000d45d       0x20 .pio/build/uno_r4_wifi/libFrameworkArduino.a(vector_table.c.o)
                0x000000000000d45d                g_interrupt_event_link_select
 *fill*         0x000000000000d47d        0x3 ff
 .rodata._ZTV4UART
                0x000000000000d480       0x34 .pio/build/uno_r4_wifi/libFrameworkArduino.a(Serial.cpp.o)
                0x000000000000d480                vtable for UART
 .rodata.CSWTCH.44
                0x000000000000d4b4        0x6 .pio/build/uno_r4_wifi/libFrameworkArduino.a(analog.cpp.o)
 .rodata.CSWTCH.72
                0x000000000000d4ba        0x5 .pio/build/uno_r4_wifi/libFrameworkArduino.a(analog.cpp.o)
 .rodata.__FUNCTION__.6535
                0x000000000000d4bf       0x13 .pio/build/uno_r4_wifi/libFrameworkArduino.a(cm_backtrace.c.o)
 .rodata.cm_backtrace_assert.str1.1
                0x000000000000d4d2       0x26 .pio/build/uno_r4_wifi/libFrameworkArduino.a(cm_backtrace.c.o)
                                         0x28 (size before relaxing)
 .rodata.cm_backtrace_fault.str1.1
                0x000000000000d4f8      0x6ae .pio/build/uno_r4_wifi/libFrameworkArduino.a(cm_backtrace.c.o)
 .rodata.cm_backtrace_firmware_info.str1.1
                0x000000000000dba6       0x23 .pio/build/uno_r4_wifi/libFrameworkArduino.a(cm_backtrace.c.o)
 .rodata.cm_backtrace_init.str1.1
                0x000000000000dbc9       0x62 .pio/build/uno_r4_wifi/libFrameworkArduino.a(cm_backtrace.c.o)
 .rodata.dump_stack.str1.1
                0x000000000000dc2b       0x68 .pio/build/uno_r4_wifi/libFrameworkArduino.a(cm_backtrace.c.o)
                                         0x8d (size before relaxing)
 .rodata.print_call_stack.str1.1
                0x000000000000dc93       0x65 .pio/build/uno_r4_wifi/libFrameworkArduino.a(cm_backtrace.c.o)
 .rodata.str1.1
                0x000000000000dcf8       0x20 .pio/build/uno_r4_wifi/libFrameworkArduino.a(cm_backtrace.c.o)
 .rodata.g_async_baud
                0x000000000000dd18        0xd /Users/joakimmoll/.platformio/packages/framework-arduinorenesas-uno/variants/UNOWIFIR4/libs/libfsp.a(r_sci_uart.o)
 *fill*         0x000000000000dd25        0x3 ff
 .rodata.g_div_coefficient